Archive member included to satisfy reference by file (symbol)

c:/siliconlabs/simplicitystudio/v5/developer/toolchains/gnu_arm/10.3_2021.10/bin/../lib/gcc/arm-none-eabi/10.3.1/thumb/v8-m.main+fp/hard\libgcc.a(_aeabi_ldivmod.o)
                              ./gecko_sdk_4.1.1/platform/emlib/src/em_usart.o (__aeabi_ldivmod)
c:/siliconlabs/simplicitystudio/v5/developer/toolchains/gnu_arm/10.3_2021.10/bin/../lib/gcc/arm-none-eabi/10.3.1/thumb/v8-m.main+fp/hard\libgcc.a(_aeabi_uldivmod.o)
                              ./gecko_sdk_4.1.1/platform/emlib/src/em_usart.o (__aeabi_uldivmod)
c:/siliconlabs/simplicitystudio/v5/developer/toolchains/gnu_arm/10.3_2021.10/bin/../lib/gcc/arm-none-eabi/10.3.1/thumb/v8-m.main+fp/hard\libgcc.a(_udivmoddi4.o)
                              c:/siliconlabs/simplicitystudio/v5/developer/toolchains/gnu_arm/10.3_2021.10/bin/../lib/gcc/arm-none-eabi/10.3.1/thumb/v8-m.main+fp/hard\libgcc.a(_aeabi_ldivmod.o) (__udivmoddi4)
c:/siliconlabs/simplicitystudio/v5/developer/toolchains/gnu_arm/10.3_2021.10/bin/../lib/gcc/arm-none-eabi/10.3.1/thumb/v8-m.main+fp/hard\libgcc.a(_dvmd_tls.o)
                              c:/siliconlabs/simplicitystudio/v5/developer/toolchains/gnu_arm/10.3_2021.10/bin/../lib/gcc/arm-none-eabi/10.3.1/thumb/v8-m.main+fp/hard\libgcc.a(_aeabi_ldivmod.o) (__aeabi_ldiv0)
c:/siliconlabs/simplicitystudio/v5/developer/toolchains/gnu_arm/10.3_2021.10/bin/../lib/gcc/arm-none-eabi/10.3.1/../../../../arm-none-eabi/lib/thumb/v8-m.main+fp/hard\libc_nano.a(lib_a-exit.o)
                              c:/siliconlabs/simplicitystudio/v5/developer/toolchains/gnu_arm/10.3_2021.10/bin/../lib/gcc/arm-none-eabi/10.3.1/../../../../arm-none-eabi/lib/thumb/v8-m.main+fp/hard/crt0.o (exit)
c:/siliconlabs/simplicitystudio/v5/developer/toolchains/gnu_arm/10.3_2021.10/bin/../lib/gcc/arm-none-eabi/10.3.1/../../../../arm-none-eabi/lib/thumb/v8-m.main+fp/hard\libc_nano.a(lib_a-impure.o)
                              c:/siliconlabs/simplicitystudio/v5/developer/toolchains/gnu_arm/10.3_2021.10/bin/../lib/gcc/arm-none-eabi/10.3.1/../../../../arm-none-eabi/lib/thumb/v8-m.main+fp/hard\libc_nano.a(lib_a-exit.o) (_global_impure_ptr)
c:/siliconlabs/simplicitystudio/v5/developer/toolchains/gnu_arm/10.3_2021.10/bin/../lib/gcc/arm-none-eabi/10.3.1/../../../../arm-none-eabi/lib/thumb/v8-m.main+fp/hard\libc_nano.a(lib_a-init.o)
                              c:/siliconlabs/simplicitystudio/v5/developer/toolchains/gnu_arm/10.3_2021.10/bin/../lib/gcc/arm-none-eabi/10.3.1/../../../../arm-none-eabi/lib/thumb/v8-m.main+fp/hard/crt0.o (__libc_init_array)
c:/siliconlabs/simplicitystudio/v5/developer/toolchains/gnu_arm/10.3_2021.10/bin/../lib/gcc/arm-none-eabi/10.3.1/../../../../arm-none-eabi/lib/thumb/v8-m.main+fp/hard\libc_nano.a(lib_a-memcpy-stub.o)
                              ./app.o (memcpy)
c:/siliconlabs/simplicitystudio/v5/developer/toolchains/gnu_arm/10.3_2021.10/bin/../lib/gcc/arm-none-eabi/10.3.1/../../../../arm-none-eabi/lib/thumb/v8-m.main+fp/hard\libc_nano.a(lib_a-memset.o)
                              c:/siliconlabs/simplicitystudio/v5/developer/toolchains/gnu_arm/10.3_2021.10/bin/../lib/gcc/arm-none-eabi/10.3.1/../../../../arm-none-eabi/lib/thumb/v8-m.main+fp/hard/crt0.o (memset)
c:/siliconlabs/simplicitystudio/v5/developer/toolchains/gnu_arm/10.3_2021.10/bin/../lib/gcc/arm-none-eabi/10.3.1/../../../../arm-none-eabi/lib/thumb/v8-m.main+fp/hard\libc_nano.a(lib_a-sprintf.o)
                              ./RFID_display.o (sprintf)
c:/siliconlabs/simplicitystudio/v5/developer/toolchains/gnu_arm/10.3_2021.10/bin/../lib/gcc/arm-none-eabi/10.3.1/../../../../arm-none-eabi/lib/thumb/v8-m.main+fp/hard\libc_nano.a(lib_a-strcpy.o)
                              ./app.o (strcpy)
c:/siliconlabs/simplicitystudio/v5/developer/toolchains/gnu_arm/10.3_2021.10/bin/../lib/gcc/arm-none-eabi/10.3.1/../../../../arm-none-eabi/lib/thumb/v8-m.main+fp/hard\libc_nano.a(lib_a-strlen.o)
                              ./RFID_display.o (strlen)
c:/siliconlabs/simplicitystudio/v5/developer/toolchains/gnu_arm/10.3_2021.10/bin/../lib/gcc/arm-none-eabi/10.3.1/../../../../arm-none-eabi/lib/thumb/v8-m.main+fp/hard\libc_nano.a(lib_a-nano-svfprintf.o)
                              c:/siliconlabs/simplicitystudio/v5/developer/toolchains/gnu_arm/10.3_2021.10/bin/../lib/gcc/arm-none-eabi/10.3.1/../../../../arm-none-eabi/lib/thumb/v8-m.main+fp/hard\libc_nano.a(lib_a-sprintf.o) (_svfprintf_r)
c:/siliconlabs/simplicitystudio/v5/developer/toolchains/gnu_arm/10.3_2021.10/bin/../lib/gcc/arm-none-eabi/10.3.1/../../../../arm-none-eabi/lib/thumb/v8-m.main+fp/hard\libc_nano.a(lib_a-nano-vfprintf_i.o)
                              c:/siliconlabs/simplicitystudio/v5/developer/toolchains/gnu_arm/10.3_2021.10/bin/../lib/gcc/arm-none-eabi/10.3.1/../../../../arm-none-eabi/lib/thumb/v8-m.main+fp/hard\libc_nano.a(lib_a-nano-svfprintf.o) (_printf_i)
[...]
Memory Configuration

Name             Origin             Length             Attributes
FLASH            0x00000000         0x000fe000         xr
RAM              0x20000000         0x00018000         xrw
*default*        0x00000000         0xffffffff

Linker script and memory map

LOAD c:/siliconlabs/simplicitystudio/v5/developer/toolchains/gnu_arm/10.3_2021.10/bin/../lib/gcc/arm-none-eabi/10.3.1/thumb/v8-m.main+fp/hard/crti.o
LOAD c:/siliconlabs/simplicitystudio/v5/developer/toolchains/gnu_arm/10.3_2021.10/bin/../lib/gcc/arm-none-eabi/10.3.1/thumb/v8-m.main+fp/hard/crtbegin.o
LOAD c:/siliconlabs/simplicitystudio/v5/developer/toolchains/gnu_arm/10.3_2021.10/bin/../lib/gcc/arm-none-eabi/10.3.1/../../../../arm-none-eabi/lib/thumb/v8-m.main+fp/hard/crt0.o
START GROUP
LOAD ./RFID_display.o
LOAD ./app.o
LOAD ./i2c_init.o
LOAD ./main.o
LOAD ./rc522.o
LOAD ./rtc3231.o
LOAD ./ssd1306.o
LOAD ./autogen/sl_board_default_init.o
LOAD ./autogen/sl_device_init_clocks.o
LOAD ./autogen/sl_event_handler.o
LOAD ./autogen/sl_i2cspm_init.o
LOAD ./autogen/sl_simple_rgb_pwm_led_instances.o
LOAD ./autogen/sl_uartdrv_init.o
LOAD ./gecko_sdk_4.1.1/hardware/board/src/sl_board_control_gpio.o
LOAD ./gecko_sdk_4.1.1/hardware/board/src/sl_board_init.o
LOAD ./gecko_sdk_4.1.1/hardware/driver/configuration_over_swo/src/sl_cos.o
LOAD ./gecko_sdk_4.1.1/platform/Device/SiliconLabs/EFR32MG21/Source/startup_efr32mg21.o
LOAD ./gecko_sdk_4.1.1/platform/Device/SiliconLabs/EFR32MG21/Source/system_efr32mg21.o
LOAD ./gecko_sdk_4.1.1/platform/common/src/sl_assert.o
LOAD ./gecko_sdk_4.1.1/platform/common/toolchain/src/sl_memory.o
LOAD ./gecko_sdk_4.1.1/platform/driver/debug/src/sl_debug_swo.o
LOAD ./gecko_sdk_4.1.1/platform/driver/i2cspm/src/sl_i2cspm.o
LOAD ./gecko_sdk_4.1.1/platform/driver/leddrv/src/sl_led.o
LOAD ./gecko_sdk_4.1.1/platform/driver/leddrv/src/sl_pwm_led.o
LOAD ./gecko_sdk_4.1.1/platform/driver/leddrv/src/sl_simple_rgb_pwm_led.o
LOAD ./gecko_sdk_4.1.1/platform/emdrv/dmadrv/src/dmadrv.o
LOAD ./gecko_sdk_4.1.1/platform/emdrv/gpiointerrupt/src/gpiointerrupt.o
LOAD ./gecko_sdk_4.1.1/platform/emdrv/uartdrv/src/uartdrv.o
LOAD ./gecko_sdk_4.1.1/platform/emlib/src/em_burtc.o
LOAD ./gecko_sdk_4.1.1/platform/emlib/src/em_cmu.o
LOAD ./gecko_sdk_4.1.1/platform/emlib/src/em_core.o
LOAD ./gecko_sdk_4.1.1/platform/emlib/src/em_emu.o
LOAD ./gecko_sdk_4.1.1/platform/emlib/src/em_gpio.o
LOAD ./gecko_sdk_4.1.1/platform/emlib/src/em_i2c.o
LOAD ./gecko_sdk_4.1.1/platform/emlib/src/em_ldma.o
LOAD ./gecko_sdk_4.1.1/platform/emlib/src/em_msc.o
LOAD ./gecko_sdk_4.1.1/platform/emlib/src/em_rtcc.o
LOAD ./gecko_sdk_4.1.1/platform/emlib/src/em_system.o
LOAD ./gecko_sdk_4.1.1/platform/emlib/src/em_timer.o
LOAD ./gecko_sdk_4.1.1/platform/emlib/src/em_usart.o
LOAD ./gecko_sdk_4.1.1/platform/service/device_init/src/sl_device_init_emu_s2.o
LOAD ./gecko_sdk_4.1.1/platform/service/device_init/src/sl_device_init_hfrco.o
LOAD ./gecko_sdk_4.1.1/platform/service/device_init/src/sl_device_init_hfxo_s2.o
LOAD ./gecko_sdk_4.1.1/platform/service/device_init/src/sl_device_init_lfxo_s2.o
LOAD ./gecko_sdk_4.1.1/platform/service/device_init/src/sl_device_init_nvic.o
LOAD ./gecko_sdk_4.1.1/platform/service/sleeptimer/src/sl_sleeptimer.o
LOAD ./gecko_sdk_4.1.1/platform/service/sleeptimer/src/sl_sleeptimer_hal_burtc.o
LOAD ./gecko_sdk_4.1.1/platform/service/sleeptimer/src/sl_sleeptimer_hal_prortc.o
LOAD ./gecko_sdk_4.1.1/platform/service/sleeptimer/src/sl_sleeptimer_hal_rtcc.o
LOAD ./gecko_sdk_4.1.1/platform/service/system/src/sl_system_init.o
LOAD ./gecko_sdk_4.1.1/platform/service/system/src/sl_system_process_action.o
LOAD ./gecko_sdk_4.1.1/platform/service/udelay/src/sl_udelay.o
LOAD ./gecko_sdk_4.1.1/platform/service/udelay/src/sl_udelay_armv6m_gcc.o
LOAD c:/siliconlabs/simplicitystudio/v5/developer/toolchains/gnu_arm/10.3_2021.10/bin/../lib/gcc/arm-none-eabi/10.3.1/thumb/v8-m.main+fp/hard\libgcc.a
LOAD c:/siliconlabs/simplicitystudio/v5/developer/toolchains/gnu_arm/10.3_2021.10/bin/../lib/gcc/arm-none-eabi/10.3.1/../../../../arm-none-eabi/lib/thumb/v8-m.main+fp/hard\libc_nano.a
LOAD c:/siliconlabs/simplicitystudio/v5/developer/toolchains/gnu_arm/10.3_2021.10/bin/../lib/gcc/arm-none-eabi/10.3.1/../../../../arm-none-eabi/lib/thumb/v8-m.main+fp/hard\libm.a
LOAD c:/siliconlabs/simplicitystudio/v5/developer/toolchains/gnu_arm/10.3_2021.10/bin/../lib/gcc/arm-none-eabi/10.3.1/../../../../arm-none-eabi/lib/thumb/v8-m.main+fp/hard\libnosys.a
END GROUP
START GROUP
LOAD c:/siliconlabs/simplicitystudio/v5/developer/toolchains/gnu_arm/10.3_2021.10/bin/../lib/gcc/arm-none-eabi/10.3.1/thumb/v8-m.main+fp/hard\libgcc.a
LOAD c:/siliconlabs/simplicitystudio/v5/developer/toolchains/gnu_arm/10.3_2021.10/bin/../lib/gcc/arm-none-eabi/10.3.1/../../../../arm-none-eabi/lib/thumb/v8-m.main+fp/hard\libc_nano.a
LOAD c:/siliconlabs/simplicitystudio/v5/developer/toolchains/gnu_arm/10.3_2021.10/bin/../lib/gcc/arm-none-eabi/10.3.1/../../../../arm-none-eabi/lib/thumb/v8-m.main+fp/hard\libnosys.a
END GROUP
START GROUP
LOAD c:/siliconlabs/simplicitystudio/v5/developer/toolchains/gnu_arm/10.3_2021.10/bin/../lib/gcc/arm-none-eabi/10.3.1/thumb/v8-m.main+fp/hard\libgcc.a
LOAD c:/siliconlabs/simplicitystudio/v5/developer/toolchains/gnu_arm/10.3_2021.10/bin/../lib/gcc/arm-none-eabi/10.3.1/../../../../arm-none-eabi/lib/thumb/v8-m.main+fp/hard\libg_nano.a
LOAD c:/siliconlabs/simplicitystudio/v5/developer/toolchains/gnu_arm/10.3_2021.10/bin/../lib/gcc/arm-none-eabi/10.3.1/../../../../arm-none-eabi/lib/thumb/v8-m.main+fp/hard\libc_nano.a
END GROUP
START GROUP
LOAD c:/siliconlabs/simplicitystudio/v5/developer/toolchains/gnu_arm/10.3_2021.10/bin/../lib/gcc/arm-none-eabi/10.3.1/thumb/v8-m.main+fp/hard\libgcc.a
LOAD c:/siliconlabs/simplicitystudio/v5/developer/toolchains/gnu_arm/10.3_2021.10/bin/../lib/gcc/arm-none-eabi/10.3.1/../../../../arm-none-eabi/lib/thumb/v8-m.main+fp/hard\libc_nano.a
END GROUP
LOAD c:/siliconlabs/simplicitystudio/v5/developer/toolchains/gnu_arm/10.3_2021.10/bin/../lib/gcc/arm-none-eabi/10.3.1/thumb/v8-m.main+fp/hard/crtend.o
LOAD c:/siliconlabs/simplicitystudio/v5/developer/toolchains/gnu_arm/10.3_2021.10/bin/../lib/gcc/arm-none-eabi/10.3.1/thumb/v8-m.main+fp/hard/crtn.o

.text           0x00000000     0x6c6c
                0x00000000                linker_vectors_begin = .
 *(.vectors)
 .vectors       0x00000000      0x134 ./gecko_sdk_4.1.1/platform/Device/SiliconLabs/EFR32MG21/Source/startup_efr32mg21.o
                0x00000000                __Vectors
                0x00000134                linker_vectors_end = .
                0x00000134                __Vectors_End = .
                0x00000134                __Vectors_Size = (__Vectors_End - __Vectors)
                0x00000134                linker_code_begin = .
 *(.text*)
 .text          0x00000134       0x40 c:/siliconlabs/simplicitystudio/v5/developer/toolchains/gnu_arm/10.3_2021.10/bin/../lib/gcc/arm-none-eabi/10.3.1/thumb/v8-m.main+fp/hard/crtbegin.o
 .text          0x00000174       0x7c c:/siliconlabs/simplicitystudio/v5/developer/toolchains/gnu_arm/10.3_2021.10/bin/../lib/gcc/arm-none-eabi/10.3.1/../../../../arm-none-eabi/lib/thumb/v8-m.main+fp/hard/crt0.o
                0x00000174                _stack_init
                0x0000017c                _start
                0x0000017c                _mainCRTStartup
 .text.RFID_display_Init
                0x000001f0       0x58 ./RFID_display.o
                0x000001f0                RFID_display_Init
 .text.RFID_HMIUart_Write
                0x00000248       0x20 ./RFID_display.o
                0x00000248                RFID_HMIUart_Write
 .text.displayDataPage
                0x00000268       0x4c ./RFID_display.o
                0x00000268                displayDataPage
 .text.displayProcessPage
                0x000002b4       0x34 ./RFID_display.o
                0x000002b4                displayProcessPage
 .text.sset_time
                0x000002e8       0x18 ./app.o
                0x000002e8                sset_time
 .text.RFID_card_detect_cb
                0x00000300      0x408 ./app.o
                0x00000300                RFID_card_detect_cb
 .text.app_init
                0x00000708       0x4c ./app.o
                0x00000708                app_init
 .text.app_process_action
                0x00000754       0x68 ./app.o
                0x00000754                app_process_action
 .text.i2c_init
                0x000007bc       0x30 ./i2c_init.o
                0x000007bc                i2c_init
 .text.startup.main
                0x000007ec       0x14 ./main.o
                0x000007ec                main
 .text.MFRC522_Write_Reg
                0x00000800       0x30 ./rc522.o
                0x00000800                MFRC522_Write_Reg
 .text.MFRC522_Read_Reg
                0x00000830       0x3c ./rc522.o
                0x00000830                MFRC522_Read_Reg
 .text.MFRC522_SetBitMark
                0x0000086c       0x18 ./rc522.o
                0x0000086c                MFRC522_SetBitMark
 .text.PCD_CalculateCRC
                0x00000884       0x70 ./rc522.o
                0x00000884                PCD_CalculateCRC
 .text.PCD_CommunicateWithPICC
                0x000008f4      0x144 ./rc522.o
                0x000008f4                PCD_CommunicateWithPICC
 .text.PCD_TransceiveData
                0x00000a38       0x28 ./rc522.o
                0x00000a38                PCD_TransceiveData
 .text.MFRC522_ClearBitMark
                0x00000a60       0x1a ./rc522.o
                0x00000a60                MFRC522_ClearBitMark
 .text.PICC_REQA_or_WUPA
                0x00000a7a       0x5c ./rc522.o
                0x00000a7a                PICC_REQA_or_WUPA
 .text.PICC_RequestA
                0x00000ad6        0xa ./rc522.o
                0x00000ad6                PICC_RequestA
 .text.PICC_Select
                0x00000ae0      0x27e ./rc522.o
                0x00000ae0                PICC_Select
 .text.MFRC522_Reset
                0x00000d5e        0x8 ./rc522.o
                0x00000d5e                MFRC522_Reset
 .text.MFRC522_AntennaOn
                0x00000d66       0x22 ./rc522.o
                0x00000d66                MFRC522_AntennaOn
 .text.MFRC522_IsNewCardPresent
                0x00000d88       0x30 ./rc522.o
                0x00000d88                MFRC522_IsNewCardPresent
 .text.MFRC522_ReadCard
                0x00000db8       0x4c ./rc522.o
                0x00000db8                MFRC522_ReadCard
 .text.MFRC522_GetAntennaGain
                0x00000e04        0xe ./rc522.o
                0x00000e04                MFRC522_GetAntennaGain
 .text.MFRC522_SetAntennaGain
                0x00000e12       0x24 ./rc522.o
                0x00000e12                MFRC522_SetAntennaGain
 *fill*         0x00000e36        0x2 
 .text.MFRC522_Init
                0x00000e38       0x50 ./rc522.o
                0x00000e38                MFRC522_Init
 .text.MFRC522_Authenticate
                0x00000e88       0x4e ./rc522.o
                0x00000e88                MFRC522_Authenticate
 *fill*         0x00000ed6        0x2 
 .text.Authenticate
                0x00000ed8       0x10 ./rc522.o
                0x00000ed8                Authenticate
 .text.MIFARE_Read
                0x00000ee8       0x48 ./rc522.o
                0x00000ee8                MIFARE_Read
 .text.PICC_HaltA
                0x00000f30       0x46 ./rc522.o
                0x00000f30                PICC_HaltA
 .text.PCD_StopCrypto1
                0x00000f76        0x8 ./rc522.o
                0x00000f76                PCD_StopCrypto1
 .text.bcd_to_dec
                0x00000f7e       0x10 ./rtc3231.o
                0x00000f7e                bcd_to_dec
 .text.dec_to_bcd
                0x00000f8e       0x12 ./rtc3231.o
                0x00000f8e                dec_to_bcd
 .text.write_to_rtc
                0x00000fa0       0x30 ./rtc3231.o
                0x00000fa0                write_to_rtc
 .text.rtc_init
                0x00000fd0       0x16 ./rtc3231.o
                0x00000fd0                rtc_init
 *fill*         0x00000fe6        0x2 
 .text.read_from_rtc
                0x00000fe8       0x3c ./rtc3231.o
                0x00000fe8                read_from_rtc
 .text.set_time
                0x00001024       0x56 ./rtc3231.o
                0x00001024                set_time
 .text.get_time
                0x0000107a       0x3a ./rtc3231.o
                0x0000107a                get_time
 .text.ssd1306_command
                0x000010b4       0x30 ./ssd1306.o
                0x000010b4                ssd1306_command
 .text.SSD1306_DrawPixel
                0x000010e4       0x34 ./ssd1306.o
                0x000010e4                SSD1306_DrawPixel
 .text.SSD1306_Display
                0x00001118       0x78 ./ssd1306.o
                0x00001118                SSD1306_Display
 .text.SSD1306_ClearDisplay
                0x00001190       0x10 ./ssd1306.o
                0x00001190                SSD1306_ClearDisplay
 .text.SSD1306_Begin
                0x000011a0      0x120 ./ssd1306.o
                0x000011a0                SSD1306_Begin
 .text.SSD1306_DrawLine
                0x000012c0       0xc8 ./ssd1306.o
                0x000012c0                SSD1306_DrawLine
 .text.SSD1306_DrawFastVLine
                0x00001388       0x14 ./ssd1306.o
                0x00001388                SSD1306_DrawFastVLine
 .text.SSD1306_FillRect
                0x0000139c       0x22 ./ssd1306.o
                0x0000139c                SSD1306_FillRect
 *fill*         0x000013be        0x2 
 .text.SSD1306_GotoXY
                0x000013c0       0x1c ./ssd1306.o
                0x000013c0                SSD1306_GotoXY
 .text.SSD1306_Print
                0x000013dc      0x19c ./ssd1306.o
                0x000013dc                SSD1306_Print
 .text.SSD1306_DrawText
                0x00001578       0x2c ./ssd1306.o
                0x00001578                SSD1306_DrawText
 .text.SSD1306_DisplayTime
                0x000015a4       0x3c ./ssd1306.o
                0x000015a4                SSD1306_DisplayTime
 .text.sl_board_default_init
                0x000015e0        0x4 ./autogen/sl_board_default_init.o
                0x000015e0                sl_board_default_init
 .text.sl_device_init_clocks
                0x000015e4       0x3e ./autogen/sl_device_init_clocks.o
                0x000015e4                sl_device_init_clocks
 *fill*         0x00001622        0x2 
 .text.sl_platform_init
                0x00001624       0xb0 ./autogen/sl_event_handler.o
                0x00001624                sl_platform_init
 .text.sl_driver_init
                0x000016d4       0x1e ./autogen/sl_event_handler.o
                0x000016d4                sl_driver_init
 .text.sl_service_init
                0x000016f2        0xe ./autogen/sl_event_handler.o
                0x000016f2                sl_service_init
 .text.sl_stack_init
                0x00001700        0x2 ./autogen/sl_event_handler.o
                0x00001700                sl_stack_init
 .text.sl_internal_app_init
                0x00001702        0x2 ./autogen/sl_event_handler.o
                0x00001702                sl_internal_app_init
 .text.sl_platform_process_action
                0x00001704        0x2 ./autogen/sl_event_handler.o
                0x00001704                sl_platform_process_action
 .text.sl_service_process_action
                0x00001706        0x2 ./autogen/sl_event_handler.o
                0x00001706                sl_service_process_action
 .text.sl_stack_process_action
                0x00001708        0x2 ./autogen/sl_event_handler.o
                0x00001708                sl_stack_process_action
 .text.sl_internal_app_process_action
                0x0000170a        0x2 ./autogen/sl_event_handler.o
                0x0000170a                sl_internal_app_process_action
 .text.sl_i2cspm_init_instances
                0x0000170c        0xc ./autogen/sl_i2cspm_init.o
                0x0000170c                sl_i2cspm_init_instances
 .text.sl_simple_rgb_pwm_led_init_instances
                0x00001718        0xc ./autogen/sl_simple_rgb_pwm_led_instances.o
                0x00001718                sl_simple_rgb_pwm_led_init_instances
 .text.sl_uartdrv_set_default
                0x00001724       0x14 ./autogen/sl_uartdrv_init.o
                0x00001724                sl_uartdrv_set_default
 .text.sl_uartdrv_init_instances
                0x00001738       0x20 ./autogen/sl_uartdrv_init.o
                0x00001738                sl_uartdrv_init_instances
 .text.sl_uartdrv_get_default
                0x00001758        0xc ./autogen/sl_uartdrv_init.o
                0x00001758                sl_uartdrv_get_default
 .text.sl_board_configure_vcom
                0x00001764        0x4 ./gecko_sdk_4.1.1/hardware/board/src/sl_board_control_gpio.o
                0x00001764                sl_board_configure_vcom
 .text.sl_board_disable_vcom
                0x00001768       0x12 ./gecko_sdk_4.1.1/hardware/board/src/sl_board_control_gpio.o
                0x00001768                sl_board_disable_vcom
 .text.sl_board_init
                0x0000177a        0x4 ./gecko_sdk_4.1.1/hardware/board/src/sl_board_init.o
                0x0000177a                sl_board_init
 .text.sl_board_preinit
                0x0000177e        0x2 ./gecko_sdk_4.1.1/hardware/board/src/sl_board_init.o
                0x0000177e                sl_board_preinit
 .text.sli_cos_swo_itm_8_write.constprop.0.isra.0
                0x00001780       0x60 ./gecko_sdk_4.1.1/hardware/driver/configuration_over_swo/src/sl_cos.o
 .text.sl_cos_send_config
                0x000017e0       0x44 ./gecko_sdk_4.1.1/hardware/driver/configuration_over_swo/src/sl_cos.o
                0x000017e0                sl_cos_send_config
 .text.Default_Handler
                0x00001824        0x2 ./gecko_sdk_4.1.1/platform/Device/SiliconLabs/EFR32MG21/Source/startup_efr32mg21.o
                0x00001824                ULFRCO_IRQHandler
                0x00001824                SW2_IRQHandler
                0x00001824                TIMER2_IRQHandler
                0x00001824                DebugMon_Handler
                0x00001824                USART0_TX_IRQHandler
                0x00001824                PRORTC_IRQHandler
                0x00001824                IADC_IRQHandler
                0x00001824                I2C0_IRQHandler
                0x00001824                LFXO_IRQHandler
                0x00001824                HardFault_Handler
                0x00001824                SMU_SECURE_IRQHandler
                0x00001824                SysTick_Handler
                0x00001824                USART1_RX_IRQHandler
                0x00001824                PendSV_Handler
                0x00001824                NMI_Handler
                0x00001824                SYNTH_IRQHandler
                0x00001824                I2C1_IRQHandler
                0x00001824                WDOG0_IRQHandler
                0x00001824                TIMER3_IRQHandler
                0x00001824                SYSCFG_IRQHandler
                0x00001824                EMUSE_IRQHandler
                0x00001824                EMUDG_IRQHandler
                0x00001824                USART1_TX_IRQHandler
                0x00001824                SMU_PRIVILEGED_IRQHandler
                0x00001824                MSC_IRQHandler
                0x00001824                DPLL0_IRQHandler
                0x00001824                UsageFault_Handler
                0x00001824                WDOG1_IRQHandler
                0x00001824                M33CTI1_IRQHandler
                0x00001824                SEMBTX_IRQHandler
                0x00001824                SW0_IRQHandler
                0x00001824                TIMER0_IRQHandler
                0x00001824                LETIMER0_IRQHandler
                0x00001824                TIMER1_IRQHandler
                0x00001824                HFRCO0_IRQHandler
                0x00001824                SecureFault_Handler
                0x00001824                BUFC_IRQHandler
                0x00001824                MODEM_IRQHandler
                0x00001824                USART2_RX_IRQHandler
                0x00001824                Default_Handler
                0x00001824                RAC_SEQ_IRQHandler
                0x00001824                FRC_PRI_IRQHandler
                0x00001824                EMU_IRQHandler
                0x00001824                SW3_IRQHandler
                0x00001824                KERNEL0_IRQHandler
                0x00001824                FRC_IRQHandler
                0x00001824                KERNEL1_IRQHandler
                0x00001824                AGC_IRQHandler
                0x00001824                sl_app_properties
                0x00001824                HFRCOEM23_IRQHandler
                0x00001824                BURTC_IRQHandler
                0x00001824                SEMBRX_IRQHandler
                0x00001824                LFRCO_IRQHandler
                0x00001824                ACMP0_IRQHandler
                0x00001824                USART0_RX_IRQHandler
                0x00001824                MemManage_Handler
                0x00001824                SVC_Handler
                0x00001824                HFXO00_IRQHandler
                0x00001824                SW1_IRQHandler
                0x00001824                CMU_IRQHandler
                0x00001824                RAC_RSM_IRQHandler
                0x00001824                SETAMPERHOST_IRQHandler
                0x00001824                AES_IRQHandler
                0x00001824                M33CTI0_IRQHandler
                0x00001824                ICACHE0_IRQHandler
                0x00001824                PROTIMER_IRQHandler
                0x00001824                ACMP1_IRQHandler
                0x00001824                BusFault_Handler
                0x00001824                USART2_TX_IRQHandler
 *fill*         0x00001826        0x2 
 .text.Reset_Handler
                0x00001828       0x60 ./gecko_sdk_4.1.1/platform/Device/SiliconLabs/EFR32MG21/Source/startup_efr32mg21.o
                0x00001828                Reset_Handler
 .text.SystemInit
                0x00001888       0x58 ./gecko_sdk_4.1.1/platform/Device/SiliconLabs/EFR32MG21/Source/system_efr32mg21.o
                0x00001888                SystemInit
 .text.SystemHFRCODPLLClockGet
                0x000018e0        0xc ./gecko_sdk_4.1.1/platform/Device/SiliconLabs/EFR32MG21/Source/system_efr32mg21.o
                0x000018e0                SystemHFRCODPLLClockGet
 .text.SystemHFRCODPLLClockSet
                0x000018ec        0xc ./gecko_sdk_4.1.1/platform/Device/SiliconLabs/EFR32MG21/Source/system_efr32mg21.o
                0x000018ec                SystemHFRCODPLLClockSet
 .text.SystemSYSCLKGet
                0x000018f8       0x34 ./gecko_sdk_4.1.1/platform/Device/SiliconLabs/EFR32MG21/Source/system_efr32mg21.o
                0x000018f8                SystemSYSCLKGet
 .text.SystemHCLKGet
                0x0000192c       0x24 ./gecko_sdk_4.1.1/platform/Device/SiliconLabs/EFR32MG21/Source/system_efr32mg21.o
                0x0000192c                SystemHCLKGet
 .text.SystemMaxCoreClockGet
                0x00001950        0x8 ./gecko_sdk_4.1.1/platform/Device/SiliconLabs/EFR32MG21/Source/system_efr32mg21.o
                0x00001950                SystemMaxCoreClockGet
 .text.SystemHFXOClockGet
                0x00001958        0xc ./gecko_sdk_4.1.1/platform/Device/SiliconLabs/EFR32MG21/Source/system_efr32mg21.o
                0x00001958                SystemHFXOClockGet
 .text.SystemHFXOClockSet
                0x00001964       0x20 ./gecko_sdk_4.1.1/platform/Device/SiliconLabs/EFR32MG21/Source/system_efr32mg21.o
                0x00001964                SystemHFXOClockSet
 .text.SystemCLKIN0Get
                0x00001984        0x4 ./gecko_sdk_4.1.1/platform/Device/SiliconLabs/EFR32MG21/Source/system_efr32mg21.o
                0x00001984                SystemCLKIN0Get
 .text.SystemFSRCOClockGet
                0x00001988        0x8 ./gecko_sdk_4.1.1/platform/Device/SiliconLabs/EFR32MG21/Source/system_efr32mg21.o
                0x00001988                SystemFSRCOClockGet
 .text.SystemHFRCOEM23ClockGet
                0x00001990       0x88 ./gecko_sdk_4.1.1/platform/Device/SiliconLabs/EFR32MG21/Source/system_efr32mg21.o
                0x00001990                SystemHFRCOEM23ClockGet
 .text.SystemLFRCOClockGet
                0x00001a18        0x6 ./gecko_sdk_4.1.1/platform/Device/SiliconLabs/EFR32MG21/Source/system_efr32mg21.o
                0x00001a18                SystemLFRCOClockGet
 .text.SystemULFRCOClockGet
                0x00001a1e        0x6 ./gecko_sdk_4.1.1/platform/Device/SiliconLabs/EFR32MG21/Source/system_efr32mg21.o
                0x00001a1e                SystemULFRCOClockGet
 .text.SystemLFXOClockGet
                0x00001a24        0xc ./gecko_sdk_4.1.1/platform/Device/SiliconLabs/EFR32MG21/Source/system_efr32mg21.o
                0x00001a24                SystemLFXOClockGet
 .text.assertEFM
                0x00001a30        0x2 ./gecko_sdk_4.1.1/platform/common/src/sl_assert.o
                0x00001a30                assertEFM
 *fill*         0x00001a32        0x2 
 .text._sbrk    0x00001a34       0x20 ./gecko_sdk_4.1.1/platform/common/toolchain/src/sl_memory.o
                0x00001a34                _sbrk
 .text.sl_debug_swo_init
                0x00001a54       0xa0 ./gecko_sdk_4.1.1/platform/driver/debug/src/sl_debug_swo.o
                0x00001a54                sl_debug_swo_init
 .text.sl_debug_swo_enable_itm
                0x00001af4       0x18 ./gecko_sdk_4.1.1/platform/driver/debug/src/sl_debug_swo.o
                0x00001af4                sl_debug_swo_enable_itm
 .text.sl_debug_swo_write_u8
                0x00001b0c       0x44 ./gecko_sdk_4.1.1/platform/driver/debug/src/sl_debug_swo.o
                0x00001b0c                sl_debug_swo_write_u8
 .text.I2CSPM_Init
                0x00001b50      0x170 ./gecko_sdk_4.1.1/platform/driver/i2cspm/src/sl_i2cspm.o
                0x00001b50                I2CSPM_Init
 .text.I2CSPM_Transfer
                0x00001cc0       0x20 ./gecko_sdk_4.1.1/platform/driver/i2cspm/src/sl_i2cspm.o
                0x00001cc0                I2CSPM_Transfer
 .text.sl_led_init
                0x00001ce0        0x6 ./gecko_sdk_4.1.1/platform/driver/leddrv/src/sl_led.o
                0x00001ce0                sl_led_init
 .text.sl_pwm_led_get_color
                0x00001ce6        0x6 ./gecko_sdk_4.1.1/platform/driver/leddrv/src/sl_pwm_led.o
                0x00001ce6                sl_pwm_led_get_color
 .text.TIMER_MaxCount
                0x00001cec       0x44 ./gecko_sdk_4.1.1/platform/driver/leddrv/src/sl_pwm_led.o
 .text.sl_pwm_led_start
                0x00001d30       0x50 ./gecko_sdk_4.1.1/platform/driver/leddrv/src/sl_pwm_led.o
                0x00001d30                sl_pwm_led_start
 .text.sl_pwm_led_stop
                0x00001d80       0x50 ./gecko_sdk_4.1.1/platform/driver/leddrv/src/sl_pwm_led.o
                0x00001d80                sl_pwm_led_stop
 .text.sl_pwm_led_set_color
                0x00001dd0       0x5c ./gecko_sdk_4.1.1/platform/driver/leddrv/src/sl_pwm_led.o
                0x00001dd0                sl_pwm_led_set_color
 .text.sl_pwm_led_init
                0x00001e2c      0x1c8 ./gecko_sdk_4.1.1/platform/driver/leddrv/src/sl_pwm_led.o
                0x00001e2c                sl_pwm_led_init
 .text.sl_simple_rgb_pwm_led_init
                0x00001ff4       0x2c ./gecko_sdk_4.1.1/platform/driver/leddrv/src/sl_simple_rgb_pwm_led.o
                0x00001ff4                sl_simple_rgb_pwm_led_init
 .text.sl_simple_rgb_pwm_led_turn_on
                0x00002020       0x1c ./gecko_sdk_4.1.1/platform/driver/leddrv/src/sl_simple_rgb_pwm_led.o
                0x00002020                sl_simple_rgb_pwm_led_turn_on
 .text.sl_simple_rgb_pwm_led_turn_off
                0x0000203c       0x1c ./gecko_sdk_4.1.1/platform/driver/leddrv/src/sl_simple_rgb_pwm_led.o
                0x0000203c                sl_simple_rgb_pwm_led_turn_off
 .text.sl_simple_rgb_pwm_led_toggle
                0x00002058        0xc ./gecko_sdk_4.1.1/platform/driver/leddrv/src/sl_simple_rgb_pwm_led.o
                0x00002058                sl_simple_rgb_pwm_led_toggle
 .text.sl_simple_rgb_pwm_led_get_state
                0x00002064        0x4 ./gecko_sdk_4.1.1/platform/driver/leddrv/src/sl_simple_rgb_pwm_led.o
                0x00002064                sl_simple_rgb_pwm_led_get_state
 .text.sl_simple_rgb_pwm_led_set_color
                0x00002068       0x26 ./gecko_sdk_4.1.1/platform/driver/leddrv/src/sl_simple_rgb_pwm_led.o
                0x00002068                sl_simple_rgb_pwm_led_set_color
 .text.sl_simple_rgb_pwm_led_get_color
                0x0000208e       0x26 ./gecko_sdk_4.1.1/platform/driver/leddrv/src/sl_simple_rgb_pwm_led.o
                0x0000208e                sl_simple_rgb_pwm_led_get_color
 .text.sl_led_set_rgb_color
                0x000020b4        0xe ./gecko_sdk_4.1.1/platform/driver/leddrv/src/sl_simple_rgb_pwm_led.o
                0x000020b4                sl_led_set_rgb_color
 *fill*         0x000020c2        0x2 
 .text.StartTransfer
                0x000020c4      0x17c ./gecko_sdk_4.1.1/platform/emdrv/dmadrv/src/dmadrv.o
 .text.DMADRV_AllocateChannel
                0x00002240       0x60 ./gecko_sdk_4.1.1/platform/emdrv/dmadrv/src/dmadrv.o
                0x00002240                DMADRV_AllocateChannel
 .text.DMADRV_Init
                0x000022a0       0x68 ./gecko_sdk_4.1.1/platform/emdrv/dmadrv/src/dmadrv.o
                0x000022a0                DMADRV_Init
 .text.DMADRV_MemoryPeripheral
                0x00002308       0x34 ./gecko_sdk_4.1.1/platform/emdrv/dmadrv/src/dmadrv.o
                0x00002308                DMADRV_MemoryPeripheral
 .text.DMADRV_PauseTransfer
                0x0000233c       0x40 ./gecko_sdk_4.1.1/platform/emdrv/dmadrv/src/dmadrv.o
                0x0000233c                DMADRV_PauseTransfer
 .text.DMADRV_ResumeTransfer
                0x0000237c       0x40 ./gecko_sdk_4.1.1/platform/emdrv/dmadrv/src/dmadrv.o
                0x0000237c                DMADRV_ResumeTransfer
 .text.DMADRV_TransferActive
                0x000023bc       0x50 ./gecko_sdk_4.1.1/platform/emdrv/dmadrv/src/dmadrv.o
                0x000023bc                DMADRV_TransferActive
 .text.LDMA_IRQHandler
                0x0000240c       0x74 ./gecko_sdk_4.1.1/platform/emdrv/dmadrv/src/dmadrv.o
                0x0000240c                LDMA_IRQHandler
 .text.GPIOINT_IRQDispatcher
                0x00002480       0x38 ./gecko_sdk_4.1.1/platform/emdrv/gpiointerrupt/src/gpiointerrupt.o
 .text.GPIOINT_Init
                0x000024b8       0x30 ./gecko_sdk_4.1.1/platform/emdrv/gpiointerrupt/src/gpiointerrupt.o
                0x000024b8                GPIOINT_Init
 .text.GPIOINT_CallbackRegister
                0x000024e8       0x24 ./gecko_sdk_4.1.1/platform/emdrv/gpiointerrupt/src/gpiointerrupt.o
                0x000024e8                GPIOINT_CallbackRegister
 .text.GPIO_EVEN_IRQHandler
                0x0000250c       0x20 ./gecko_sdk_4.1.1/platform/emdrv/gpiointerrupt/src/gpiointerrupt.o
                0x0000250c                GPIO_EVEN_IRQHandler
 .text.GPIO_ODD_IRQHandler
                0x0000252c       0x20 ./gecko_sdk_4.1.1/platform/emdrv/gpiointerrupt/src/gpiointerrupt.o
                0x0000252c                GPIO_ODD_IRQHandler
 .text.EnableTransmitter
                0x0000254c       0x22 ./gecko_sdk_4.1.1/platform/emdrv/uartdrv/src/uartdrv.o
 *fill*         0x0000256e        0x2 
 .text.CheckParams
                0x00002570       0x24 ./gecko_sdk_4.1.1/platform/emdrv/uartdrv/src/uartdrv.o
 .text.GetTailBuffer
                0x00002594       0x34 ./gecko_sdk_4.1.1/platform/emdrv/uartdrv/src/uartdrv.o
 .text.GPIO_PinOutClear
                0x000025c8       0x50 ./gecko_sdk_4.1.1/platform/emdrv/uartdrv/src/uartdrv.o
 .text.GPIO_PinOutSet
                0x00002618       0x50 ./gecko_sdk_4.1.1/platform/emdrv/uartdrv/src/uartdrv.o
 .text.em1RequestRemove
                0x00002668       0x20 ./gecko_sdk_4.1.1/platform/emdrv/uartdrv/src/uartdrv.o
 .text.EnqueueBuffer
                0x00002688       0x84 ./gecko_sdk_4.1.1/platform/emdrv/uartdrv/src/uartdrv.o
 .text.HwFcGetClearToSendPin
                0x0000270c       0x60 ./gecko_sdk_4.1.1/platform/emdrv/uartdrv/src/uartdrv.o
 .text.HwFcManageClearToSend
                0x0000276c       0x80 ./gecko_sdk_4.1.1/platform/emdrv/uartdrv/src/uartdrv.o
 .text.StartTransmitDma
                0x000027ec       0x44 ./gecko_sdk_4.1.1/platform/emdrv/uartdrv/src/uartdrv.o
 .text.DequeueBuffer.isra.0
                0x00002830       0x46 ./gecko_sdk_4.1.1/platform/emdrv/uartdrv/src/uartdrv.o
 *fill*         0x00002876        0x2 
 .text.TransmitDmaComplete
                0x00002878       0x80 ./gecko_sdk_4.1.1/platform/emdrv/uartdrv/src/uartdrv.o
 .text.UARTDRV_ForceTransmit
                0x000028f8       0xa4 ./gecko_sdk_4.1.1/platform/emdrv/uartdrv/src/uartdrv.o
                0x000028f8                UARTDRV_ForceTransmit
 .text.UARTDRV_PauseTransmit
                0x0000299c       0x30 ./gecko_sdk_4.1.1/platform/emdrv/uartdrv/src/uartdrv.o
                0x0000299c                UARTDRV_PauseTransmit
 .text.UARTDRV_ResumeTransmit
                0x000029cc       0x40 ./gecko_sdk_4.1.1/platform/emdrv/uartdrv/src/uartdrv.o
                0x000029cc                UARTDRV_ResumeTransmit
 .text.FcApplyState
                0x00002a0c       0x5c ./gecko_sdk_4.1.1/platform/emdrv/uartdrv/src/uartdrv.o
 .text.UARTDRV_InitUart
                0x00002a68      0x2bc ./gecko_sdk_4.1.1/platform/emdrv/uartdrv/src/uartdrv.o
                0x00002a68                UARTDRV_InitUart
 .text.UARTDRV_TransmitB
                0x00002d24       0x60 ./gecko_sdk_4.1.1/platform/emdrv/uartdrv/src/uartdrv.o
                0x00002d24                UARTDRV_TransmitB
 .text.flashWaitStateControl
                0x00002d84       0x58 ./gecko_sdk_4.1.1/platform/emlib/src/em_cmu.o
 .text.HFRCODPLLDevinfoGet
                0x00002ddc      0x10c ./gecko_sdk_4.1.1/platform/emlib/src/em_cmu.o
 .text.waitStateMax
                0x00002ee8       0x10 ./gecko_sdk_4.1.1/platform/emlib/src/em_cmu.o
 .text.traceClkGet
                0x00002ef8       0x48 ./gecko_sdk_4.1.1/platform/emlib/src/em_cmu.o
 .text.em01GrpaClkGet
                0x00002f40       0x60 ./gecko_sdk_4.1.1/platform/emlib/src/em_cmu.o
 .text.iadcClkGet
                0x00002fa0       0x60 ./gecko_sdk_4.1.1/platform/emlib/src/em_cmu.o
 .text.em23GrpaClkGet
                0x00003000       0x54 ./gecko_sdk_4.1.1/platform/emlib/src/em_cmu.o
 .text.em4GrpaClkGet
                0x00003054       0x54 ./gecko_sdk_4.1.1/platform/emlib/src/em_cmu.o
 .text.wdog0ClkGet
                0x000030a8       0x60 ./gecko_sdk_4.1.1/platform/emlib/src/em_cmu.o
 .text.wdog1ClkGet
                0x00003108       0x60 ./gecko_sdk_4.1.1/platform/emlib/src/em_cmu.o
 .text.rtccClkGet
                0x00003168       0x54 ./gecko_sdk_4.1.1/platform/emlib/src/em_cmu.o
 .text.dpllRefClkGet
                0x000031bc       0x48 ./gecko_sdk_4.1.1/platform/emlib/src/em_cmu.o
 .text.CMU_ClockDivGet
                0x00003204       0x50 ./gecko_sdk_4.1.1/platform/emlib/src/em_cmu.o
                0x00003204                CMU_ClockDivGet
 .text.CMU_ClockFreqGet
                0x00003254      0x104 ./gecko_sdk_4.1.1/platform/emlib/src/em_cmu.o
                0x00003254                CMU_ClockFreqGet
 .text.pclkDivOptimize
                0x00003358       0x20 ./gecko_sdk_4.1.1/platform/emlib/src/em_cmu.o
 .text.CMU_ClockDivSet
                0x00003378       0xac ./gecko_sdk_4.1.1/platform/emlib/src/em_cmu.o
                0x00003378                CMU_ClockDivSet
 .text.pclkDivMax
                0x00003424        0x8 ./gecko_sdk_4.1.1/platform/emlib/src/em_cmu.o
 .text.CMU_ClockSelectGet
                0x0000342c       0xf8 ./gecko_sdk_4.1.1/platform/emlib/src/em_cmu.o
                0x0000342c                CMU_ClockSelectGet
 .text.CMU_ClockSelectSet
                0x00003524      0x308 ./gecko_sdk_4.1.1/platform/emlib/src/em_cmu.o
                0x00003524                CMU_ClockSelectSet
 .text.CMU_HFRCODPLLBandSet
                0x0000382c       0xd4 ./gecko_sdk_4.1.1/platform/emlib/src/em_cmu.o
                0x0000382c                CMU_HFRCODPLLBandSet
 .text.CMU_HFXOInit
                0x00003900      0x1d4 ./gecko_sdk_4.1.1/platform/emlib/src/em_cmu.o
                0x00003900                CMU_HFXOInit
 .text.CMU_HFXOCTuneDeltaGet
                0x00003ad4        0xc ./gecko_sdk_4.1.1/platform/emlib/src/em_cmu.o
                0x00003ad4                CMU_HFXOCTuneDeltaGet
 .text.CMU_LFXOInit
                0x00003ae0       0xb8 ./gecko_sdk_4.1.1/platform/emlib/src/em_cmu.o
                0x00003ae0                CMU_LFXOInit
 .text.CMU_LFXOPrecisionSet
                0x00003b98        0xc ./gecko_sdk_4.1.1/platform/emlib/src/em_cmu.o
                0x00003b98                CMU_LFXOPrecisionSet
 .text.__NVIC_GetPriority
                0x00003ba4       0x24 ./gecko_sdk_4.1.1/platform/emlib/src/em_core.o
 .text.CORE_EnterCritical
                0x00003bc8        0x8 ./gecko_sdk_4.1.1/platform/emlib/src/em_core.o
                0x00003bc8                CORE_EnterCritical
 .text.CORE_ExitCritical
                0x00003bd0        0x6 ./gecko_sdk_4.1.1/platform/emlib/src/em_core.o
                0x00003bd0                CORE_ExitCritical
 .text.CORE_EnterAtomic
                0x00003bd6        0xc ./gecko_sdk_4.1.1/platform/emlib/src/em_core.o
                0x00003bd6                CORE_EnterAtomic
 .text.CORE_ExitAtomic
                0x00003be2        0x6 ./gecko_sdk_4.1.1/platform/emlib/src/em_core.o
                0x00003be2                CORE_ExitAtomic
 .text.CORE_NvicIRQDisabled
                0x00003be8       0x34 ./gecko_sdk_4.1.1/platform/emlib/src/em_core.o
                0x00003be8                CORE_NvicIRQDisabled
 .text.CORE_IrqIsBlocked
                0x00003c1c       0x6c ./gecko_sdk_4.1.1/platform/emlib/src/em_core.o
                0x00003c1c                CORE_IrqIsBlocked
 .text.EMU_EM4Init
                0x00003c88       0x14 ./gecko_sdk_4.1.1/platform/emlib/src/em_emu.o
                0x00003c88                EMU_EM4Init
 .text.BUS_RegBitWrite
                0x00003c9c       0x30 ./gecko_sdk_4.1.1/platform/emlib/src/em_gpio.o
 .text.GPIO_PinOutSet
                0x00003ccc       0x50 ./gecko_sdk_4.1.1/platform/emlib/src/em_gpio.o
 .text.GPIO_PinOutClear
                0x00003d1c       0x50 ./gecko_sdk_4.1.1/platform/emlib/src/em_gpio.o
 .text.BUS_RegMaskedWrite
                0x00003d6c       0x22 ./gecko_sdk_4.1.1/platform/emlib/src/em_gpio.o
 .text.GPIO_DbgLocationSet
                0x00003d8e        0x2 ./gecko_sdk_4.1.1/platform/emlib/src/em_gpio.o
                0x00003d8e                GPIO_DbgLocationSet
 .text.GPIO_ExtIntConfig
                0x00003d90       0xc8 ./gecko_sdk_4.1.1/platform/emlib/src/em_gpio.o
                0x00003d90                GPIO_ExtIntConfig
 .text.GPIO_PinModeSet
                0x00003e58       0xa0 ./gecko_sdk_4.1.1/platform/emlib/src/em_gpio.o
                0x00003e58                GPIO_PinModeSet
 .text.I2C_BusFreqSet
                0x00003ef8       0xe8 ./gecko_sdk_4.1.1/platform/emlib/src/em_i2c.o
                0x00003ef8                I2C_BusFreqSet
 .text.I2C_Enable
                0x00003fe0       0x3c ./gecko_sdk_4.1.1/platform/emlib/src/em_i2c.o
                0x00003fe0                I2C_Enable
 .text.I2C_Init
                0x0000401c       0x68 ./gecko_sdk_4.1.1/platform/emlib/src/em_i2c.o
                0x0000401c                I2C_Init
 .text.I2C_Transfer
                0x00004084      0x244 ./gecko_sdk_4.1.1/platform/emlib/src/em_i2c.o
                0x00004084                I2C_Transfer
 .text.I2C_TransferInit
                0x000042c8       0xbc ./gecko_sdk_4.1.1/platform/emlib/src/em_i2c.o
                0x000042c8                I2C_TransferInit
 .text.LDMA_EnableChannelRequest
                0x00004384       0x44 ./gecko_sdk_4.1.1/platform/emlib/src/em_ldma.o
                0x00004384                LDMA_EnableChannelRequest
 .text.LDMA_Init
                0x000043c8       0x84 ./gecko_sdk_4.1.1/platform/emlib/src/em_ldma.o
                0x000043c8                LDMA_Init
 .text.LDMA_StartTransfer
                0x0000444c      0x100 ./gecko_sdk_4.1.1/platform/emlib/src/em_ldma.o
                0x0000444c                LDMA_StartTransfer
 .text.RTCC_SyncWait
                0x0000454c       0x10 ./gecko_sdk_4.1.1/platform/emlib/src/em_rtcc.o
 .text.RTCC_ChannelInit
                0x0000455c       0x48 ./gecko_sdk_4.1.1/platform/emlib/src/em_rtcc.o
                0x0000455c                RTCC_ChannelInit
 .text.RTCC_Enable
                0x000045a4       0x44 ./gecko_sdk_4.1.1/platform/emlib/src/em_rtcc.o
                0x000045a4                RTCC_Enable
 .text.RTCC_Init
                0x000045e8       0x5c ./gecko_sdk_4.1.1/platform/emlib/src/em_rtcc.o
                0x000045e8                RTCC_Init
 .text.SYSTEM_ChipRevisionGet
                0x00004644       0x1c ./gecko_sdk_4.1.1/platform/emlib/src/em_system.o
                0x00004644                SYSTEM_ChipRevisionGet
 .text.TIMER_Valid
                0x00004660       0x2c ./gecko_sdk_4.1.1/platform/emlib/src/em_timer.o
 .text.timerPrsConfig
                0x0000468c       0x78 ./gecko_sdk_4.1.1/platform/emlib/src/em_timer.o
 .text.TIMER_SyncWait
                0x00004704        0xe ./gecko_sdk_4.1.1/platform/emlib/src/em_timer.o
                0x00004704                TIMER_SyncWait
 *fill*         0x00004712        0x2 
 .text.TIMER_Init
                0x00004714       0xb0 ./gecko_sdk_4.1.1/platform/emlib/src/em_timer.o
                0x00004714                TIMER_Init
 .text.TIMER_InitCC
                0x000047c4       0xb4 ./gecko_sdk_4.1.1/platform/emlib/src/em_timer.o
                0x000047c4                TIMER_InitCC
 .text.prsRxInput
                0x00004878       0x44 ./gecko_sdk_4.1.1/platform/emlib/src/em_usart.o
 .text.USART_BaudrateAsyncSet
                0x000048bc       0xdc ./gecko_sdk_4.1.1/platform/emlib/src/em_usart.o
                0x000048bc                USART_BaudrateAsyncSet
 .text.USART_BaudrateCalc
                0x00004998       0x7c ./gecko_sdk_4.1.1/platform/emlib/src/em_usart.o
                0x00004998                USART_BaudrateCalc
 .text.USART_BaudrateGet
                0x00004a14       0x20 ./gecko_sdk_4.1.1/platform/emlib/src/em_usart.o
                0x00004a14                USART_BaudrateGet
 .text.USART_Enable
                0x00004a34       0x4c ./gecko_sdk_4.1.1/platform/emlib/src/em_usart.o
                0x00004a34                USART_Enable
 .text.USART_Reset
                0x00004a80       0x90 ./gecko_sdk_4.1.1/platform/emlib/src/em_usart.o
                0x00004a80                USART_Reset
 .text.USART_InitAsync
                0x00004b10      0x128 ./gecko_sdk_4.1.1/platform/emlib/src/em_usart.o
                0x00004b10                USART_InitAsync
 .text.USART_Tx
                0x00004c38        0xa ./gecko_sdk_4.1.1/platform/emlib/src/em_usart.o
                0x00004c38                USART_Tx
 *fill*         0x00004c42        0x2 
 .text.sl_device_init_emu
                0x00004c44       0x24 ./gecko_sdk_4.1.1/platform/service/device_init/src/sl_device_init_emu_s2.o
                0x00004c44                sl_device_init_emu
 .text.sl_device_init_hfrco
                0x00004c68       0x10 ./gecko_sdk_4.1.1/platform/service/device_init/src/sl_device_init_hfrco.o
                0x00004c68                sl_device_init_hfrco
 .text.sl_device_init_hfxo
                0x00004c78       0x6c ./gecko_sdk_4.1.1/platform/service/device_init/src/sl_device_init_hfxo_s2.o
                0x00004c78                sl_device_init_hfxo
 .text.sl_device_init_lfxo
                0x00004ce4       0x2c ./gecko_sdk_4.1.1/platform/service/device_init/src/sl_device_init_lfxo_s2.o
                0x00004ce4                sl_device_init_lfxo
 .text.sl_device_init_nvic
                0x00004d10       0x3c ./gecko_sdk_4.1.1/platform/service/device_init/src/sl_device_init_nvic.o
                0x00004d10                sl_device_init_nvic
 .text.delay_callback
                0x00004d4c        0x6 ./gecko_sdk_4.1.1/platform/service/sleeptimer/src/sl_sleeptimer.o
 *fill*         0x00004d52        0x2 
 .text.delta_list_insert_timer
                0x00004d54       0x44 ./gecko_sdk_4.1.1/platform/service/sleeptimer/src/sl_sleeptimer.o
 .text.update_delta_list
                0x00004d98       0x38 ./gecko_sdk_4.1.1/platform/service/sleeptimer/src/sl_sleeptimer.o
 .text.set_comparator_for_next_timer
                0x00004dd0       0x5c ./gecko_sdk_4.1.1/platform/service/sleeptimer/src/sl_sleeptimer.o
 .text.create_timer
                0x00004e2c       0x68 ./gecko_sdk_4.1.1/platform/service/sleeptimer/src/sl_sleeptimer.o
 .text.delta_list_remove_timer
                0x00004e94       0x38 ./gecko_sdk_4.1.1/platform/service/sleeptimer/src/sl_sleeptimer.o
 .text.sl_sleeptimer_init
                0x00004ecc       0x74 ./gecko_sdk_4.1.1/platform/service/sleeptimer/src/sl_sleeptimer.o
                0x00004ecc                sl_sleeptimer_init
 .text.sl_sleeptimer_is_timer_running
                0x00004f40       0x38 ./gecko_sdk_4.1.1/platform/service/sleeptimer/src/sl_sleeptimer.o
                0x00004f40                sl_sleeptimer_is_timer_running
 .text.sl_sleeptimer_start_timer
                0x00004f78       0x46 ./gecko_sdk_4.1.1/platform/service/sleeptimer/src/sl_sleeptimer.o
                0x00004f78                sl_sleeptimer_start_timer
 *fill*         0x00004fbe        0x2 
 .text.sl_sleeptimer_ms_to_tick
                0x00004fc0       0x18 ./gecko_sdk_4.1.1/platform/service/sleeptimer/src/sl_sleeptimer.o
                0x00004fc0                sl_sleeptimer_ms_to_tick
 .text.sl_sleeptimer_delay_millisecond
                0x00004fd8       0x38 ./gecko_sdk_4.1.1/platform/service/sleeptimer/src/sl_sleeptimer.o
                0x00004fd8                sl_sleeptimer_delay_millisecond
 .text.process_timer_irq
                0x00005010      0x134 ./gecko_sdk_4.1.1/platform/service/sleeptimer/src/sl_sleeptimer.o
                0x00005010                process_timer_irq
 .text.CMU_PrescToLog2.constprop.0
                0x00005144        0x4 ./gecko_sdk_4.1.1/platform/service/sleeptimer/src/sl_sleeptimer_hal_rtcc.o
 .text.sleeptimer_hal_init_timer
                0x00005148       0x78 ./gecko_sdk_4.1.1/platform/service/sleeptimer/src/sl_sleeptimer_hal_rtcc.o
                0x00005148                sleeptimer_hal_init_timer
 .text.sleeptimer_hal_get_counter
                0x000051c0        0xe ./gecko_sdk_4.1.1/platform/service/sleeptimer/src/sl_sleeptimer_hal_rtcc.o
                0x000051c0                sleeptimer_hal_get_counter
 *fill*         0x000051ce        0x2 
 .text.sleeptimer_hal_set_compare
                0x000051d0       0x64 ./gecko_sdk_4.1.1/platform/service/sleeptimer/src/sl_sleeptimer_hal_rtcc.o
                0x000051d0                sleeptimer_hal_set_compare
 .text.sleeptimer_hal_enable_int
                0x00005234       0x18 ./gecko_sdk_4.1.1/platform/service/sleeptimer/src/sl_sleeptimer_hal_rtcc.o
                0x00005234                sleeptimer_hal_enable_int
 .text.sleeptimer_hal_disable_int
                0x0000524c       0x30 ./gecko_sdk_4.1.1/platform/service/sleeptimer/src/sl_sleeptimer_hal_rtcc.o
                0x0000524c                sleeptimer_hal_disable_int
 .text.sleeptimer_hal_set_int
                0x0000527c       0x10 ./gecko_sdk_4.1.1/platform/service/sleeptimer/src/sl_sleeptimer_hal_rtcc.o
                0x0000527c                sleeptimer_hal_set_int
 .text.RTCC_IRQHandler
                0x0000528c       0x34 ./gecko_sdk_4.1.1/platform/service/sleeptimer/src/sl_sleeptimer_hal_rtcc.o
                0x0000528c                RTCC_IRQHandler
 .text.sleeptimer_hal_get_timer_frequency
                0x000052c0       0x14 ./gecko_sdk_4.1.1/platform/service/sleeptimer/src/sl_sleeptimer_hal_rtcc.o
                0x000052c0                sleeptimer_hal_get_timer_frequency
 .text.sl_system_init
                0x000052d4       0x1a ./gecko_sdk_4.1.1/platform/service/system/src/sl_system_init.o
                0x000052d4                sl_system_init
 .text.sl_system_process_action
                0x000052ee       0x16 ./gecko_sdk_4.1.1/platform/service/system/src/sl_system_process_action.o
                0x000052ee                sl_system_process_action
 .text.sl_udelay_wait
                0x00005304       0x58 ./gecko_sdk_4.1.1/platform/service/udelay/src/sl_udelay.o
                0x00005304                sl_udelay_wait
 *fill*         0x0000535c        0x4 
 .text          0x00005360        0x8 ./gecko_sdk_4.1.1/platform/service/udelay/src/sl_udelay_armv6m_gcc.o
                0x00005360                sli_delay_loop
 .text          0x00005368       0x30 c:/siliconlabs/simplicitystudio/v5/developer/toolchains/gnu_arm/10.3_2021.10/bin/../lib/gcc/arm-none-eabi/10.3.1/thumb/v8-m.main+fp/hard\libgcc.a(_aeabi_uldivmod.o)
                0x00005368                __aeabi_uldivmod
 .text          0x00005398      0x2ec c:/siliconlabs/simplicitystudio/v5/developer/toolchains/gnu_arm/10.3_2021.10/bin/../lib/gcc/arm-none-eabi/10.3.1/thumb/v8-m.main+fp/hard\libgcc.a(_udivmoddi4.o)
                0x00005398                __udivmoddi4
 .text          0x00005684        0x4 c:/siliconlabs/simplicitystudio/v5/developer/toolchains/gnu_arm/10.3_2021.10/bin/../lib/gcc/arm-none-eabi/10.3.1/thumb/v8-m.main+fp/hard\libgcc.a(_dvmd_tls.o)
                0x00005684                __aeabi_idiv0
                0x00005684                __aeabi_ldiv0
 .text.exit     0x00005688       0x28 c:/siliconlabs/simplicitystudio/v5/developer/toolchains/gnu_arm/10.3_2021.10/bin/../lib/gcc/arm-none-eabi/10.3.1/../../../../arm-none-eabi/lib/thumb/v8-m.main+fp/hard\libc_nano.a(lib_a-exit.o)
                0x00005688                exit
 .text.__libc_init_array
                0x000056b0       0x48 c:/siliconlabs/simplicitystudio/v5/developer/toolchains/gnu_arm/10.3_2021.10/bin/../lib/gcc/arm-none-eabi/10.3.1/../../../../arm-none-eabi/lib/thumb/v8-m.main+fp/hard\libc_nano.a(lib_a-init.o)
                0x000056b0                __libc_init_array
 .text.memcpy   0x000056f8       0x1a c:/siliconlabs/simplicitystudio/v5/developer/toolchains/gnu_arm/10.3_2021.10/bin/../lib/gcc/arm-none-eabi/10.3.1/../../../../arm-none-eabi/lib/thumb/v8-m.main+fp/hard\libc_nano.a(lib_a-memcpy-stub.o)
                0x000056f8                memcpy
 .text.memset   0x00005712       0x10 c:/siliconlabs/simplicitystudio/v5/developer/toolchains/gnu_arm/10.3_2021.10/bin/../lib/gcc/arm-none-eabi/10.3.1/../../../../arm-none-eabi/lib/thumb/v8-m.main+fp/hard\libc_nano.a(lib_a-memset.o)
                0x00005712                memset
 *fill*         0x00005722        0x2 
 .text.sprintf  0x00005724       0x40 c:/siliconlabs/simplicitystudio/v5/developer/toolchains/gnu_arm/10.3_2021.10/bin/../lib/gcc/arm-none-eabi/10.3.1/../../../../arm-none-eabi/lib/thumb/v8-m.main+fp/hard\libc_nano.a(lib_a-sprintf.o)
                0x00005724                siprintf
                0x00005724                sprintf
 .text.strcpy   0x00005764       0x10 c:/siliconlabs/simplicitystudio/v5/developer/toolchains/gnu_arm/10.3_2021.10/bin/../lib/gcc/arm-none-eabi/10.3.1/../../../../arm-none-eabi/lib/thumb/v8-m.main+fp/hard\libc_nano.a(lib_a-strcpy.o)
                0x00005764                strcpy
 .text          0x00005774       0x10 c:/siliconlabs/simplicitystudio/v5/developer/toolchains/gnu_arm/10.3_2021.10/bin/../lib/gcc/arm-none-eabi/10.3.1/../../../../arm-none-eabi/lib/thumb/v8-m.main+fp/hard\libc_nano.a(lib_a-strlen.o)
                0x00005774                strlen
 .text.__ssputs_r
                0x00005784       0xb6 c:/siliconlabs/simplicitystudio/v5/developer/toolchains/gnu_arm/10.3_2021.10/bin/../lib/gcc/arm-none-eabi/10.3.1/../../../../arm-none-eabi/lib/thumb/v8-m.main+fp/hard\libc_nano.a(lib_a-nano-svfprintf.o)
                0x00005784                __ssputs_r
 *fill*         0x0000583a        0x2 
 .text._svfprintf_r
                0x0000583c      0x200 c:/siliconlabs/simplicitystudio/v5/developer/toolchains/gnu_arm/10.3_2021.10/bin/../lib/gcc/arm-none-eabi/10.3.1/../../../../arm-none-eabi/lib/thumb/v8-m.main+fp/hard\libc_nano.a(lib_a-nano-svfprintf.o)
                0x0000583c                _svfiprintf_r
                0x0000583c                _svfprintf_r
 .text._printf_common
                0x00005a3c       0xe0 c:/siliconlabs/simplicitystudio/v5/developer/toolchains/gnu_arm/10.3_2021.10/bin/../lib/gcc/arm-none-eabi/10.3.1/../../../../arm-none-eabi/lib/thumb/v8-m.main+fp/hard\libc_nano.a(lib_a-nano-vfprintf_i.o)
                0x00005a3c                _printf_common
 .text._printf_i
                0x00005b1c      0x24c c:/siliconlabs/simplicitystudio/v5/developer/toolchains/gnu_arm/10.3_2021.10/bin/../lib/gcc/arm-none-eabi/10.3.1/../../../../arm-none-eabi/lib/thumb/v8-m.main+fp/hard\libc_nano.a(lib_a-nano-vfprintf_i.o)
                0x00005b1c                _printf_i
 .text.memchr   0x00005d68       0x1c c:/siliconlabs/simplicitystudio/v5/developer/toolchains/gnu_arm/10.3_2021.10/bin/../lib/gcc/arm-none-eabi/10.3.1/../../../../arm-none-eabi/lib/thumb/v8-m.main+fp/hard\libc_nano.a(lib_a-memchr-stub.o)
                0x00005d68                memchr
 .text.memmove  0x00005d84       0x34 c:/siliconlabs/simplicitystudio/v5/developer/toolchains/gnu_arm/10.3_2021.10/bin/../lib/gcc/arm-none-eabi/10.3.1/../../../../arm-none-eabi/lib/thumb/v8-m.main+fp/hard\libc_nano.a(lib_a-memmove.o)
                0x00005d84                memmove
 .text._free_r  0x00005db8       0x98 c:/siliconlabs/simplicitystudio/v5/developer/toolchains/gnu_arm/10.3_2021.10/bin/../lib/gcc/arm-none-eabi/10.3.1/../../../../arm-none-eabi/lib/thumb/v8-m.main+fp/hard\libc_nano.a(lib_a-nano-freer.o)
                0x00005db8                _free_r
 .text.sbrk_aligned
                0x00005e50       0x40 c:/siliconlabs/simplicitystudio/v5/developer/toolchains/gnu_arm/10.3_2021.10/bin/../lib/gcc/arm-none-eabi/10.3.1/../../../../arm-none-eabi/lib/thumb/v8-m.main+fp/hard\libc_nano.a(lib_a-nano-mallocr.o)
 .text._malloc_r
                0x00005e90       0xe8 c:/siliconlabs/simplicitystudio/v5/developer/toolchains/gnu_arm/10.3_2021.10/bin/../lib/gcc/arm-none-eabi/10.3.1/../../../../arm-none-eabi/lib/thumb/v8-m.main+fp/hard\libc_nano.a(lib_a-nano-mallocr.o)
                0x00005e90                _malloc_r
 .text._realloc_r
                0x00005f78       0x5e c:/siliconlabs/simplicitystudio/v5/developer/toolchains/gnu_arm/10.3_2021.10/bin/../lib/gcc/arm-none-eabi/10.3.1/../../../../arm-none-eabi/lib/thumb/v8-m.main+fp/hard\libc_nano.a(lib_a-nano-reallocr.o)
                0x00005f78                _realloc_r
 *fill*         0x00005fd6        0x2 
 .text._sbrk_r  0x00005fd8       0x20 c:/siliconlabs/simplicitystudio/v5/developer/toolchains/gnu_arm/10.3_2021.10/bin/../lib/gcc/arm-none-eabi/10.3.1/../../../../arm-none-eabi/lib/thumb/v8-m.main+fp/hard\libc_nano.a(lib_a-sbrkr.o)
                0x00005fd8                _sbrk_r
 .text.__malloc_lock
                0x00005ff8        0xc c:/siliconlabs/simplicitystudio/v5/developer/toolchains/gnu_arm/10.3_2021.10/bin/../lib/gcc/arm-none-eabi/10.3.1/../../../../arm-none-eabi/lib/thumb/v8-m.main+fp/hard\libc_nano.a(lib_a-mlock.o)
                0x00005ff8                __malloc_lock
 .text.__malloc_unlock
                0x00006004        0xc c:/siliconlabs/simplicitystudio/v5/developer/toolchains/gnu_arm/10.3_2021.10/bin/../lib/gcc/arm-none-eabi/10.3.1/../../../../arm-none-eabi/lib/thumb/v8-m.main+fp/hard\libc_nano.a(lib_a-mlock.o)
                0x00006004                __malloc_unlock
 .text._malloc_usable_size_r
                0x00006010       0x10 c:/siliconlabs/simplicitystudio/v5/developer/toolchains/gnu_arm/10.3_2021.10/bin/../lib/gcc/arm-none-eabi/10.3.1/../../../../arm-none-eabi/lib/thumb/v8-m.main+fp/hard\libc_nano.a(lib_a-nano-msizer.o)
                0x00006010                _malloc_usable_size_r
 .text.__retarget_lock_acquire_recursive
                0x00006020        0x2 c:/siliconlabs/simplicitystudio/v5/developer/toolchains/gnu_arm/10.3_2021.10/bin/../lib/gcc/arm-none-eabi/10.3.1/../../../../arm-none-eabi/lib/thumb/v8-m.main+fp/hard\libc_nano.a(lib_a-lock.o)
                0x00006020                __retarget_lock_acquire_recursive
 .text.__retarget_lock_release_recursive
                0x00006022        0x2 c:/siliconlabs/simplicitystudio/v5/developer/toolchains/gnu_arm/10.3_2021.10/bin/../lib/gcc/arm-none-eabi/10.3.1/../../../../arm-none-eabi/lib/thumb/v8-m.main+fp/hard\libc_nano.a(lib_a-lock.o)
                0x00006022                __retarget_lock_release_recursive
 .text._exit    0x00006024        0x4 c:/siliconlabs/simplicitystudio/v5/developer/toolchains/gnu_arm/10.3_2021.10/bin/../lib/gcc/arm-none-eabi/10.3.1/../../../../arm-none-eabi/lib/thumb/v8-m.main+fp/hard\libnosys.a(_exit.o)
                0x00006024                _exit
                0x00006028                linker_code_end = .
 *(.init)
 .init          0x00006028        0x4 c:/siliconlabs/simplicitystudio/v5/developer/toolchains/gnu_arm/10.3_2021.10/bin/../lib/gcc/arm-none-eabi/10.3.1/thumb/v8-m.main+fp/hard/crti.o
                0x00006028                _init
 .init          0x0000602c        0x8 c:/siliconlabs/simplicitystudio/v5/developer/toolchains/gnu_arm/10.3_2021.10/bin/../lib/gcc/arm-none-eabi/10.3.1/thumb/v8-m.main+fp/hard/crtn.o
 *(.fini)
 .fini          0x00006034        0x4 c:/siliconlabs/simplicitystudio/v5/developer/toolchains/gnu_arm/10.3_2021.10/bin/../lib/gcc/arm-none-eabi/10.3.1/thumb/v8-m.main+fp/hard/crti.o
                0x00006034                _fini
 .fini          0x00006038        0x8 c:/siliconlabs/simplicitystudio/v5/developer/toolchains/gnu_arm/10.3_2021.10/bin/../lib/gcc/arm-none-eabi/10.3.1/thumb/v8-m.main+fp/hard/crtn.o
 *crtbegin.o(.ctors)
 *crtbegin?.o(.ctors)
 *(EXCLUDE_FILE(*crtend.o *crtend?.o) .ctors)
 *(SORT_BY_NAME(.ctors.*))
 *(.ctors)
 *crtbegin.o(.dtors)
 *crtbegin?.o(.dtors)
 *(EXCLUDE_FILE(*crtend.o *crtend?.o) .dtors)
 *(SORT_BY_NAME(.dtors.*))
 *(.dtors)
 *(.rodata*)
 .rodata.str1.1
                0x00006040      0x338 ./RFID_display.o
 .rodata.UIs_Cmd
                0x00006378       0x24 ./RFID_display.o
                0x00006378                UIs_Cmd
 .rodata.RFID_card_detect_cb.str1.1
                0x0000639c       0x60 ./app.o
                                 0x66 (size before relaxing)
 .rodata.app_init.str1.1
                0x000063fc       0x12 ./app.o
 .rodata.SSD1306_DisplayTime.str1.1
                0x0000640e        0xd ./ssd1306.o
 .rodata.Font   0x0000641b       0xff ./ssd1306.o
                0x0000641b                Font
 .rodata.Font2  0x0000651a       0xdc ./ssd1306.o
                0x0000651a                Font2
 *fill*         0x000065f6        0x2 
 .rodata.sl_simple_rgb_pwm_led_inst0
                0x000065f8       0x20 ./autogen/sl_simple_rgb_pwm_led_instances.o
                0x000065f8                sl_simple_rgb_pwm_led_inst0
 .rodata.I2CSPM_Init.str1.1
                0x00006618       0xb4 ./gecko_sdk_4.1.1/platform/driver/i2cspm/src/sl_i2cspm.o
 .rodata.TIMER_MaxCount.str1.1
                0x000066cc       0x56 ./gecko_sdk_4.1.1/platform/driver/leddrv/src/sl_pwm_led.o
 .rodata.sl_pwm_led_init.str1.1
                0x00006722       0x60 ./gecko_sdk_4.1.1/platform/driver/leddrv/src/sl_pwm_led.o
 .rodata        0x00006782        0x4 ./gecko_sdk_4.1.1/platform/emdrv/dmadrv/src/dmadrv.o
 .rodata.GPIO_PinOutClear.str1.1
                0x00006786       0x55 ./gecko_sdk_4.1.1/platform/emdrv/uartdrv/src/uartdrv.o
 .rodata.em1RequestRemove.str1.1
                0x00006786       0x5d ./gecko_sdk_4.1.1/platform/emdrv/uartdrv/src/uartdrv.o
 *fill*         0x000067e3        0x1 
 .rodata        0x000067e4       0x1c ./gecko_sdk_4.1.1/platform/emdrv/uartdrv/src/uartdrv.o
 .rodata.HFRCODPLLDevinfoGet.str1.1
                0x00006800       0x54 ./gecko_sdk_4.1.1/platform/emlib/src/em_cmu.o
 .rodata.CSWTCH.54
                0x00006854        0x4 ./gecko_sdk_4.1.1/platform/emlib/src/em_cmu.o
 .rodata.CSWTCH.55
                0x00006858        0x3 ./gecko_sdk_4.1.1/platform/emlib/src/em_cmu.o
 .rodata.CORE_NvicMaskSetIRQ.str1.1
                0x0000685b       0x55 ./gecko_sdk_4.1.1/platform/emlib/src/em_core.o
 .rodata.BUS_RegBitWrite.str1.1
                0x000068b0       0x54 ./gecko_sdk_4.1.1/platform/emlib/src/em_gpio.o
 .rodata.GPIO_PinOutSet.str1.1
                0x00006904       0x55 ./gecko_sdk_4.1.1/platform/emlib/src/em_gpio.o
 .rodata.GPIO_ExtIntConfig.str1.1
                0x00006904       0x55 ./gecko_sdk_4.1.1/platform/emlib/src/em_gpio.o
 .rodata.I2C_BusFreqGet.str1.1
                0x00006959       0x54 ./gecko_sdk_4.1.1/platform/emlib/src/em_i2c.o
 *fill*         0x000069ad        0x3 
 .rodata.CSWTCH.13
                0x000069b0        0xc ./gecko_sdk_4.1.1/platform/emlib/src/em_i2c.o
 .rodata.CSWTCH.14
                0x000069bc        0xc ./gecko_sdk_4.1.1/platform/emlib/src/em_i2c.o
 .rodata.i2cNSum
                0x000069c8        0x4 ./gecko_sdk_4.1.1/platform/emlib/src/em_i2c.o
 .rodata.LDMA_EnableChannelRequest.str1.1
                0x000069cc       0x55 ./gecko_sdk_4.1.1/platform/emlib/src/em_ldma.o
                                 0xa9 (size before relaxing)
 .rodata.RTCC_ChannelInit.str1.1
                0x00006a21       0x55 ./gecko_sdk_4.1.1/platform/emlib/src/em_rtcc.o
 .rodata.timerPrsConfig.str1.1
                0x00006a76       0x56 ./gecko_sdk_4.1.1/platform/emlib/src/em_timer.o
 .rodata.USART_BaudrateAsyncSet.str1.1
                0x00006acc       0x56 ./gecko_sdk_4.1.1/platform/emlib/src/em_usart.o
 *fill*         0x00006b22        0x2 
 .rodata        0x00006b24       0x28 ./gecko_sdk_4.1.1/platform/service/device_init/src/sl_device_init_hfxo_s2.o
 .rodata        0x00006b4c       0x14 ./gecko_sdk_4.1.1/platform/service/device_init/src/sl_device_init_lfxo_s2.o
 .rodata.process_timer_irq.str1.1
                0x00006b60       0x68 ./gecko_sdk_4.1.1/platform/service/sleeptimer/src/sl_sleeptimer.o
 .rodata        0x00006bc8        0xb ./gecko_sdk_4.1.1/platform/service/sleeptimer/src/sl_sleeptimer_hal_rtcc.o
 .rodata.sl_udelay_wait.str1.1
                0x00006bd3       0x60 ./gecko_sdk_4.1.1/platform/service/udelay/src/sl_udelay.o
 *fill*         0x00006c33        0x1 
 .rodata._global_impure_ptr
                0x00006c34        0x4 c:/siliconlabs/simplicitystudio/v5/developer/toolchains/gnu_arm/10.3_2021.10/bin/../lib/gcc/arm-none-eabi/10.3.1/../../../../arm-none-eabi/lib/thumb/v8-m.main+fp/hard\libc_nano.a(lib_a-impure.o)
                0x00006c34                _global_impure_ptr
 .rodata._svfprintf_r.str1.1
                0x00006c38       0x11 c:/siliconlabs/simplicitystudio/v5/developer/toolchains/gnu_arm/10.3_2021.10/bin/../lib/gcc/arm-none-eabi/10.3.1/../../../../arm-none-eabi/lib/thumb/v8-m.main+fp/hard\libc_nano.a(lib_a-nano-svfprintf.o)
 .rodata._printf_i.str1.1
                0x00006c49       0x22 c:/siliconlabs/simplicitystudio/v5/developer/toolchains/gnu_arm/10.3_2021.10/bin/../lib/gcc/arm-none-eabi/10.3.1/../../../../arm-none-eabi/lib/thumb/v8-m.main+fp/hard\libc_nano.a(lib_a-nano-vfprintf_i.o)
 *(.eh_frame*)
 *fill*         0x00006c6b        0x1 
 .eh_frame      0x00006c6c        0x0 c:/siliconlabs/simplicitystudio/v5/developer/toolchains/gnu_arm/10.3_2021.10/bin/../lib/gcc/arm-none-eabi/10.3.1/thumb/v8-m.main+fp/hard/crtbegin.o

.glue_7         0x00006c6c        0x0
 .glue_7        0x00006c6c        0x0 linker stubs

.glue_7t        0x00006c6c        0x0
 .glue_7t       0x00006c6c        0x0 linker stubs

.vfp11_veneer   0x00006c6c        0x0
 .vfp11_veneer  0x00006c6c        0x0 linker stubs

.v4_bx          0x00006c6c        0x0
 .v4_bx         0x00006c6c        0x0 linker stubs

.iplt           0x00006c6c        0x0
 .iplt          0x00006c6c        0x0 c:/siliconlabs/simplicitystudio/v5/developer/toolchains/gnu_arm/10.3_2021.10/bin/../lib/gcc/arm-none-eabi/10.3.1/thumb/v8-m.main+fp/hard/crtbegin.o

.ARM.extab
 *(.ARM.extab* .gnu.linkonce.armextab.*)
                0x00006c6c                __exidx_start = .

.ARM.exidx      0x00006c6c        0x8
 *(.ARM.exidx* .gnu.linkonce.armexidx.*)
 .ARM.exidx     0x00006c6c        0x8 c:/siliconlabs/simplicitystudio/v5/developer/toolchains/gnu_arm/10.3_2021.10/bin/../lib/gcc/arm-none-eabi/10.3.1/../../../../arm-none-eabi/lib/thumb/v8-m.main+fp/hard/crt0.o
                                 0x10 (size before relaxing)
 .ARM.exidx     0x00006c74        0x0 c:/siliconlabs/simplicitystudio/v5/developer/toolchains/gnu_arm/10.3_2021.10/bin/../lib/gcc/arm-none-eabi/10.3.1/thumb/v8-m.main+fp/hard\libgcc.a(_udivmoddi4.o)
                                  0x8 (size before relaxing)
                0x00006c74                __exidx_end = .

.rel.dyn        0x00006c74        0x0
 .rel.iplt      0x00006c74        0x0 c:/siliconlabs/simplicitystudio/v5/developer/toolchains/gnu_arm/10.3_2021.10/bin/../lib/gcc/arm-none-eabi/10.3.1/thumb/v8-m.main+fp/hard/crtbegin.o

.copy.table     0x00006c74        0xc
                0x00006c74                . = ALIGN (0x4)
                0x00006c74                __copy_table_start__ = .
                0x00006c74        0x4 LONG 0x6c80 __etext
                0x00006c78        0x4 LONG 0x20001000 __data_start__
                0x00006c7c        0x4 LONG 0x1cf ((__data_end__ - __data_start__) / 0x4)
                0x00006c80                __copy_table_end__ = .

.zero.table     0x00006c80        0x0
                0x00006c80                . = ALIGN (0x4)
                0x00006c80                __zero_table_start__ = .
                0x00006c80                __zero_table_end__ = .
                0x00006c80                __etext = .
                0x20000000                . = ORIGIN (RAM)

.stack          0x20000000     0x1000
                0x20000000                __StackLimit = .
 *(.stack*)
 .stack         0x20000000     0x1000 ./gecko_sdk_4.1.1/platform/common/toolchain/src/sl_memory.o
                0x20001000                . = ALIGN (0x4)
                0x20001000                __StackTop = .
                0x20001000                PROVIDE (__stack = __StackTop)

.noinit
 *(.noinit*)

.data           0x20001000      0x73c load address 0x00006c80
                0x20001000                . = ALIGN (0x4)
                0x20001000                __data_start__ = .
 *(vtable)
 *(.data*)
 .data.handle   0x20001000        0x4 ./RFID_display.o
                0x20001000                handle
 .data.rxBufferQueue
                0x20001004       0x80 ./RFID_display.o
 .data.txBufferQueue
                0x20001084       0x80 ./RFID_display.o
 .data.p        0x20001104        0x1 ./app.o
                0x20001104                p
 .data.ssd1306_buffer
                0x20001105      0x400 ./ssd1306.o
 *fill*         0x20001505        0x3 
 .data.wrap     0x20001508        0x4 ./ssd1306.o
                0x20001508                wrap
 .data.init_I2C0
                0x2000150c       0x14 ./autogen/sl_i2cspm_init.o
                0x2000150c                init_I2C0
 .data.blue_inst0
                0x20001520       0x1c ./autogen/sl_simple_rgb_pwm_led_instances.o
                0x20001520                blue_inst0
 .data.green_inst0
                0x2000153c       0x1c ./autogen/sl_simple_rgb_pwm_led_instances.o
                0x2000153c                green_inst0
 .data.red_inst0
                0x20001558       0x1c ./autogen/sl_simple_rgb_pwm_led_instances.o
                0x20001558                red_inst0
 .data.simple_rgb_pwm_inst0_context
                0x20001574       0x1c ./autogen/sl_simple_rgb_pwm_led_instances.o
                0x20001574                simple_rgb_pwm_inst0_context
 .data.sl_uartdrv_usart_USART2_handle
                0x20001590        0x4 ./autogen/sl_uartdrv_init.o
                0x20001590                sl_uartdrv_usart_USART2_handle
 .data.sl_uartdrv_usart_USART2_rx_buffer
                0x20001594       0x80 ./autogen/sl_uartdrv_init.o
 .data.sl_uartdrv_usart_USART2_tx_buffer
                0x20001614       0x80 ./autogen/sl_uartdrv_init.o
 .data.sl_uartdrv_usart_init_USART2
                0x20001694       0x24 ./autogen/sl_uartdrv_init.o
                0x20001694                sl_uartdrv_usart_init_USART2
 .data.SystemCoreClock
                0x200016b8        0x4 ./gecko_sdk_4.1.1/platform/Device/SiliconLabs/EFR32MG21/Source/system_efr32mg21.o
                0x200016b8                SystemCoreClock
 .data.SystemHFRCODPLLClock
                0x200016bc        0x4 ./gecko_sdk_4.1.1/platform/Device/SiliconLabs/EFR32MG21/Source/system_efr32mg21.o
 .data.SystemHFXOClock
                0x200016c0        0x4 ./gecko_sdk_4.1.1/platform/Device/SiliconLabs/EFR32MG21/Source/system_efr32mg21.o
 .data.SystemLFXOClock
                0x200016c4        0x4 ./gecko_sdk_4.1.1/platform/Device/SiliconLabs/EFR32MG21/Source/system_efr32mg21.o
 .data.heap_end.0
                0x200016c8        0x4 ./gecko_sdk_4.1.1/platform/common/toolchain/src/sl_memory.o
 .data.lfxo_precision
                0x200016cc        0x2 ./gecko_sdk_4.1.1/platform/emlib/src/em_cmu.o
 .data.cc_disabled
                0x200016ce        0x1 ./gecko_sdk_4.1.1/platform/service/sleeptimer/src/sl_sleeptimer_hal_rtcc.o
 *fill*         0x200016cf        0x1 
 .data._impure_ptr
                0x200016d0        0x4 c:/siliconlabs/simplicitystudio/v5/developer/toolchains/gnu_arm/10.3_2021.10/bin/../lib/gcc/arm-none-eabi/10.3.1/../../../../arm-none-eabi/lib/thumb/v8-m.main+fp/hard\libc_nano.a(lib_a-impure.o)
                0x200016d0                _impure_ptr
 .data.impure_data
                0x200016d4       0x60 c:/siliconlabs/simplicitystudio/v5/developer/toolchains/gnu_arm/10.3_2021.10/bin/../lib/gcc/arm-none-eabi/10.3.1/../../../../arm-none-eabi/lib/thumb/v8-m.main+fp/hard\libc_nano.a(lib_a-impure.o)
                0x20001734                . = ALIGN (0x4)
                [!provide]                PROVIDE (__ram_func_section_start = .)
 *(.ram)
                [!provide]                PROVIDE (__ram_func_section_end = .)
                0x20001734                . = ALIGN (0x4)
                0x20001734                PROVIDE (__preinit_array_start = .)
 *(.preinit_array)
                0x20001734                PROVIDE (__preinit_array_end = .)
                0x20001734                . = ALIGN (0x4)
                0x20001734                PROVIDE (__init_array_start = .)
 *(SORT_BY_NAME(.init_array.*))
 *(.init_array)
 .init_array    0x20001734        0x4 c:/siliconlabs/simplicitystudio/v5/developer/toolchains/gnu_arm/10.3_2021.10/bin/../lib/gcc/arm-none-eabi/10.3.1/thumb/v8-m.main+fp/hard/crtbegin.o
                0x20001738                PROVIDE (__init_array_end = .)
                0x20001738                . = ALIGN (0x4)
                [!provide]                PROVIDE (__fini_array_start = .)
 *(SORT_BY_NAME(.fini_array.*))
 *(.fini_array)
 .fini_array    0x20001738        0x4 c:/siliconlabs/simplicitystudio/v5/developer/toolchains/gnu_arm/10.3_2021.10/bin/../lib/gcc/arm-none-eabi/10.3.1/thumb/v8-m.main+fp/hard/crtbegin.o
                [!provide]                PROVIDE (__fini_array_end = .)
                0x2000173c                . = ALIGN (0x4)
                0x2000173c                __data_end__ = .

.igot.plt       0x2000173c        0x0 load address 0x000073bc
 .igot.plt      0x2000173c        0x0 c:/siliconlabs/simplicitystudio/v5/developer/toolchains/gnu_arm/10.3_2021.10/bin/../lib/gcc/arm-none-eabi/10.3.1/thumb/v8-m.main+fp/hard/crtbegin.o

.bss            0x2000173c      0x780 load address 0x000073bc
                0x2000173c                . = ALIGN (0x4)
                0x2000173c                __bss_start__ = .
 *(.bss*)
 .bss           0x2000173c       0x1c c:/siliconlabs/simplicitystudio/v5/developer/toolchains/gnu_arm/10.3_2021.10/bin/../lib/gcc/arm-none-eabi/10.3.1/thumb/v8-m.main+fp/hard/crtbegin.o
 .bss.currentPage
                0x20001758        0x1 ./RFID_display.o
                0x20001758                currentPage
 *fill*         0x20001759        0x3 
 .bss.handleData
                0x2000175c       0x58 ./RFID_display.o
                0x2000175c                handleData
 .bss.layout_70
                0x200017b4       0x64 ./RFID_display.o
                0x200017b4                layout_70
 .bss.previousPage
                0x20001818        0x1 ./RFID_display.o
                0x20001818                previousPage
 .bss.screenBuffer
                0x20001819      0x190 ./RFID_display.o
                0x20001819                screenBuffer
 .bss.UID       0x200019a9        0xc ./app.o
                0x200019a9                UID
 *fill*         0x200019b5        0x3 
 .bss.bnd       0x200019b8        0x4 ./app.o
                0x200019b8                bnd
 .bss.card      0x200019bc       0x18 ./app.o
                0x200019bc                card
 .bss.cut       0x200019d4        0x4 ./app.o
                0x200019d4                cut
 .bss.emp       0x200019d8        0x4 ./app.o
                0x200019d8                emp
 .bss.mac       0x200019dc        0x4 ./app.o
                0x200019dc                mac
 .bss.opr       0x200019e0        0x4 ./app.o
                0x200019e0                opr
 .bss.rfPackBuffer
                0x200019e4       0x46 ./app.o
 .bss.rtc_time  0x20001a2a        0x5 ./app.o
                0x20001a2a                rtc_time
 .bss.tagInfo   0x20001a2f       0x2d ./app.o
                0x20001a2f                tagInfo
 .bss.unt       0x20001a5c        0x4 ./app.o
                0x20001a5c                unt
 .bss.key       0x20001a60        0x6 ./rc522.o
                0x20001a60                key
 .bss.OledBuffer
                0x20001a66       0x14 ./ssd1306.o
 .bss._i2caddr  0x20001a7a        0x1 ./ssd1306.o
                0x20001a7a                _i2caddr
 .bss._vccstate
                0x20001a7b        0x1 ./ssd1306.o
                0x20001a7b                _vccstate
 .bss.text_size
                0x20001a7c        0x1 ./ssd1306.o
                0x20001a7c                text_size
 .bss.x_pos     0x20001a7d        0x1 ./ssd1306.o
                0x20001a7d                x_pos
 .bss.y_pos     0x20001a7e        0x1 ./ssd1306.o
                0x20001a7e                y_pos
 *fill*         0x20001a7f        0x1 
 .bss.sl_uartdrv_usart_USART2_handle_data
                0x20001a80       0x58 ./autogen/sl_uartdrv_init.o
                0x20001a80                sl_uartdrv_usart_USART2_handle_data
 .bss.sli_uartdrv_default_handle
                0x20001ad8        0x4 ./autogen/sl_uartdrv_init.o
 .bss.uartdrv_handle
                0x20001adc        0x4 ./gecko_sdk_4.1.1/hardware/driver/configuration_over_swo/src/sl_cos.o
 .bss.chTable   0x20001ae0       0x80 ./gecko_sdk_4.1.1/platform/emdrv/dmadrv/src/dmadrv.o
 .bss.dmaXfer   0x20001b60      0x100 ./gecko_sdk_4.1.1/platform/emdrv/dmadrv/src/dmadrv.o
 .bss.initialized
                0x20001c60        0x1 ./gecko_sdk_4.1.1/platform/emdrv/dmadrv/src/dmadrv.o
 *fill*         0x20001c61        0x3 
 .bss.gpioCallbacks
                0x20001c64      0x200 ./gecko_sdk_4.1.1/platform/emdrv/gpiointerrupt/src/gpiointerrupt.o
 .bss.uartdrvHandle
                0x20001e64       0x10 ./gecko_sdk_4.1.1/platform/emdrv/uartdrv/src/uartdrv.o
 .bss.uartdrvHandleIsInitialized
                0x20001e74        0x1 ./gecko_sdk_4.1.1/platform/emdrv/uartdrv/src/uartdrv.o
 .bss.ctuneDelta
                0x20001e75        0x1 ./gecko_sdk_4.1.1/platform/emlib/src/em_cmu.o
 *fill*         0x20001e76        0x2 
 .bss.i2cTransfer
                0x20001e78       0x18 ./gecko_sdk_4.1.1/platform/emlib/src/em_i2c.o
 .bss.is_sleeptimer_initialized
                0x20001e90        0x1 ./gecko_sdk_4.1.1/platform/service/sleeptimer/src/sl_sleeptimer.o
 *fill*         0x20001e91        0x3 
 .bss.last_delta_update_count
                0x20001e94        0x4 ./gecko_sdk_4.1.1/platform/service/sleeptimer/src/sl_sleeptimer.o
 .bss.max_millisecond_conversion
                0x20001e98        0x4 ./gecko_sdk_4.1.1/platform/service/sleeptimer/src/sl_sleeptimer.o
 .bss.next_timer_to_expire_is_power_manager
                0x20001e9c        0x1 ./gecko_sdk_4.1.1/platform/service/sleeptimer/src/sl_sleeptimer.o
 *fill*         0x20001e9d        0x1 
 .bss.overflow_counter
                0x20001e9e        0x2 ./gecko_sdk_4.1.1/platform/service/sleeptimer/src/sl_sleeptimer.o
 .bss.sleep_on_isr_exit
                0x20001ea0        0x1 ./gecko_sdk_4.1.1/platform/service/sleeptimer/src/sl_sleeptimer.o
 *fill*         0x20001ea1        0x3 
 .bss.timer_frequency
                0x20001ea4        0x4 ./gecko_sdk_4.1.1/platform/service/sleeptimer/src/sl_sleeptimer.o
 .bss.timer_head
                0x20001ea8        0x4 ./gecko_sdk_4.1.1/platform/service/sleeptimer/src/sl_sleeptimer.o
 .bss.__malloc_free_list
                0x20001eac        0x4 c:/siliconlabs/simplicitystudio/v5/developer/toolchains/gnu_arm/10.3_2021.10/bin/../lib/gcc/arm-none-eabi/10.3.1/../../../../arm-none-eabi/lib/thumb/v8-m.main+fp/hard\libc_nano.a(lib_a-nano-mallocr.o)
                0x20001eac                __malloc_free_list
 .bss.__malloc_sbrk_start
                0x20001eb0        0x4 c:/siliconlabs/simplicitystudio/v5/developer/toolchains/gnu_arm/10.3_2021.10/bin/../lib/gcc/arm-none-eabi/10.3.1/../../../../arm-none-eabi/lib/thumb/v8-m.main+fp/hard\libc_nano.a(lib_a-nano-mallocr.o)
                0x20001eb0                __malloc_sbrk_start
 .bss.errno     0x20001eb4        0x4 c:/siliconlabs/simplicitystudio/v5/developer/toolchains/gnu_arm/10.3_2021.10/bin/../lib/gcc/arm-none-eabi/10.3.1/../../../../arm-none-eabi/lib/thumb/v8-m.main+fp/hard\libc_nano.a(lib_a-reent.o)
                0x20001eb4                errno
 .bss.__lock___malloc_recursive_mutex
                0x20001eb8        0x1 c:/siliconlabs/simplicitystudio/v5/developer/toolchains/gnu_arm/10.3_2021.10/bin/../lib/gcc/arm-none-eabi/10.3.1/../../../../arm-none-eabi/lib/thumb/v8-m.main+fp/hard\libc_nano.a(lib_a-lock.o)
                0x20001eb8                __lock___malloc_recursive_mutex
 *(COMMON)
                0x20001ebc                . = ALIGN (0x4)
 *fill*         0x20001eb9        0x3 
                0x20001ebc                __bss_end__ = .

.heap           0x20001ec0    0x16140
                0x20001ec0                __HeapBase = .
                0x20001ec0                __end__ = .
                0x20001ec0                end = __end__
                0x20001ec0                _end = __end__
 *(.heap*)
 .heap          0x20001ec0      0x800 ./gecko_sdk_4.1.1/platform/common/toolchain/src/sl_memory.o
                0x20018000                . = (ORIGIN (RAM) + LENGTH (RAM))
 *fill*         0x200026c0    0x15940 
                0x20018000                __HeapLimit = .
                0x00016140                __heap_size = (__HeapLimit - __HeapBase)
                0x000fe000                __main_flash_end__ = 0xfe000

.internal_storage
                0x00006c80        0x0
 *(.internal_storage*)

.nvm            0x00006c80        0x0
 *(.simee*)
                0x000fe000                linker_nvm_end = __main_flash_end__
                0x000fe000                linker_nvm_begin = (linker_nvm_end - SIZEOF (.nvm))
                0x00000000                linker_nvm_size = SIZEOF (.nvm)
                0x000fe000                linker_storage_end = linker_nvm_begin
                0x000fe000                __nvm3Base = linker_nvm_begin
                0x000fe000                linker_storage_begin = (linker_storage_end - SIZEOF (.internal_storage))
                0x00000000                linker_storage_size = SIZEOF (.internal_storage)
                0x00000001                ASSERT ((linker_storage_begin >= (__etext + SIZEOF (.data))), FLASH memory overflowed !)
OUTPUT(Test1.axf elf32-littlearm)
LOAD linker stubs

.ARM.attributes
                0x00000000       0x36
 .ARM.attributes
                0x00000000       0x22 c:/siliconlabs/simplicitystudio/v5/developer/toolchains/gnu_arm/10.3_2021.10/bin/../lib/gcc/arm-none-eabi/10.3.1/thumb/v8-m.main+fp/hard/crti.o
 .ARM.attributes
                0x00000022       0x38 c:/siliconlabs/simplicitystudio/v5/developer/toolchains/gnu_arm/10.3_2021.10/bin/../lib/gcc/arm-none-eabi/10.3.1/thumb/v8-m.main+fp/hard/crtbegin.o
 .ARM.attributes
                0x0000005a       0x20 c:/siliconlabs/simplicitystudio/v5/developer/toolchains/gnu_arm/10.3_2021.10/bin/../lib/gcc/arm-none-eabi/10.3.1/../../../../arm-none-eabi/lib/thumb/v8-m.main+fp/hard/crt0.o
 .ARM.attributes
                0x0000007a       0x3a ./RFID_display.o
 .ARM.attributes
                0x000000b4       0x3a ./app.o
 .ARM.attributes
                0x000000ee       0x3a ./i2c_init.o
 .ARM.attributes
                0x00000128       0x3a ./main.o
 .ARM.attributes
                0x00000162       0x3a ./rc522.o
 .ARM.attributes
                0x0000019c       0x3a ./rtc3231.o
 .ARM.attributes
                0x000001d6       0x3a ./ssd1306.o
 .ARM.attributes
                0x00000210       0x3a ./autogen/sl_board_default_init.o
 .ARM.attributes
                0x0000024a       0x3a ./autogen/sl_device_init_clocks.o
 .ARM.attributes
                0x00000284       0x3a ./autogen/sl_event_handler.o
 .ARM.attributes
                0x000002be       0x3a ./autogen/sl_i2cspm_init.o
 .ARM.attributes
                0x000002f8       0x3a ./autogen/sl_simple_rgb_pwm_led_instances.o
 .ARM.attributes
                0x00000332       0x3a ./autogen/sl_uartdrv_init.o
 .ARM.attributes
                0x0000036c       0x3a ./gecko_sdk_4.1.1/hardware/board/src/sl_board_control_gpio.o
 .ARM.attributes
                0x000003a6       0x3a ./gecko_sdk_4.1.1/hardware/board/src/sl_board_init.o
 .ARM.attributes
                0x000003e0       0x3a ./gecko_sdk_4.1.1/hardware/driver/configuration_over_swo/src/sl_cos.o
 .ARM.attributes
                0x0000041a       0x3a ./gecko_sdk_4.1.1/platform/Device/SiliconLabs/EFR32MG21/Source/startup_efr32mg21.o
 .ARM.attributes
                0x00000454       0x3a ./gecko_sdk_4.1.1/platform/Device/SiliconLabs/EFR32MG21/Source/system_efr32mg21.o
 .ARM.attributes
                0x0000048e       0x3a ./gecko_sdk_4.1.1/platform/common/src/sl_assert.o
 .ARM.attributes
                0x000004c8       0x3a ./gecko_sdk_4.1.1/platform/common/toolchain/src/sl_memory.o
 .ARM.attributes
                0x00000502       0x3a ./gecko_sdk_4.1.1/platform/driver/debug/src/sl_debug_swo.o
 .ARM.attributes
                0x0000053c       0x3a ./gecko_sdk_4.1.1/platform/driver/i2cspm/src/sl_i2cspm.o
 .ARM.attributes
                0x00000576       0x3a ./gecko_sdk_4.1.1/platform/driver/leddrv/src/sl_led.o
 .ARM.attributes
                0x000005b0       0x3a ./gecko_sdk_4.1.1/platform/driver/leddrv/src/sl_pwm_led.o
 .ARM.attributes
                0x000005ea       0x3a ./gecko_sdk_4.1.1/platform/driver/leddrv/src/sl_simple_rgb_pwm_led.o
 .ARM.attributes
                0x00000624       0x3a ./gecko_sdk_4.1.1/platform/emdrv/dmadrv/src/dmadrv.o
 .ARM.attributes
                0x0000065e       0x3a ./gecko_sdk_4.1.1/platform/emdrv/gpiointerrupt/src/gpiointerrupt.o
 .ARM.attributes
                0x00000698       0x3a ./gecko_sdk_4.1.1/platform/emdrv/uartdrv/src/uartdrv.o
 .ARM.attributes
                0x000006d2       0x3a ./gecko_sdk_4.1.1/platform/emlib/src/em_cmu.o
 .ARM.attributes
                0x0000070c       0x3a ./gecko_sdk_4.1.1/platform/emlib/src/em_core.o
 .ARM.attributes
                0x00000746       0x3a ./gecko_sdk_4.1.1/platform/emlib/src/em_emu.o
 .ARM.attributes
                0x00000780       0x3a ./gecko_sdk_4.1.1/platform/emlib/src/em_gpio.o
 .ARM.attributes
                0x000007ba       0x3a ./gecko_sdk_4.1.1/platform/emlib/src/em_i2c.o
 .ARM.attributes
                0x000007f4       0x3a ./gecko_sdk_4.1.1/platform/emlib/src/em_ldma.o
 .ARM.attributes
                0x0000082e       0x3a ./gecko_sdk_4.1.1/platform/emlib/src/em_rtcc.o
 .ARM.attributes
                0x00000868       0x3a ./gecko_sdk_4.1.1/platform/emlib/src/em_system.o
 .ARM.attributes
                0x000008a2       0x3a ./gecko_sdk_4.1.1/platform/emlib/src/em_timer.o
 .ARM.attributes
                0x000008dc       0x3a ./gecko_sdk_4.1.1/platform/emlib/src/em_usart.o
 .ARM.attributes
                0x00000916       0x3a ./gecko_sdk_4.1.1/platform/service/device_init/src/sl_device_init_emu_s2.o
 .ARM.attributes
                0x00000950       0x3a ./gecko_sdk_4.1.1/platform/service/device_init/src/sl_device_init_hfrco.o
 .ARM.attributes
                0x0000098a       0x3a ./gecko_sdk_4.1.1/platform/service/device_init/src/sl_device_init_hfxo_s2.o
 .ARM.attributes
                0x000009c4       0x3a ./gecko_sdk_4.1.1/platform/service/device_init/src/sl_device_init_lfxo_s2.o
 .ARM.attributes
                0x000009fe       0x3a ./gecko_sdk_4.1.1/platform/service/device_init/src/sl_device_init_nvic.o
 .ARM.attributes
                0x00000a38       0x3a ./gecko_sdk_4.1.1/platform/service/sleeptimer/src/sl_sleeptimer.o
 .ARM.attributes
                0x00000a72       0x3a ./gecko_sdk_4.1.1/platform/service/sleeptimer/src/sl_sleeptimer_hal_rtcc.o
 .ARM.attributes
                0x00000aac       0x3a ./gecko_sdk_4.1.1/platform/service/system/src/sl_system_init.o
 .ARM.attributes
                0x00000ae6       0x3a ./gecko_sdk_4.1.1/platform/service/system/src/sl_system_process_action.o
 .ARM.attributes
                0x00000b20       0x3a ./gecko_sdk_4.1.1/platform/service/udelay/src/sl_udelay.o
 .ARM.attributes
                0x00000b5a       0x26 ./gecko_sdk_4.1.1/platform/service/udelay/src/sl_udelay_armv6m_gcc.o
 .ARM.attributes
                0x00000b80       0x22 c:/siliconlabs/simplicitystudio/v5/developer/toolchains/gnu_arm/10.3_2021.10/bin/../lib/gcc/arm-none-eabi/10.3.1/thumb/v8-m.main+fp/hard\libgcc.a(_aeabi_uldivmod.o)
 .ARM.attributes
                0x00000ba2       0x38 c:/siliconlabs/simplicitystudio/v5/developer/toolchains/gnu_arm/10.3_2021.10/bin/../lib/gcc/arm-none-eabi/10.3.1/thumb/v8-m.main+fp/hard\libgcc.a(_udivmoddi4.o)
 .ARM.attributes
                0x00000bda       0x22 c:/siliconlabs/simplicitystudio/v5/developer/toolchains/gnu_arm/10.3_2021.10/bin/../lib/gcc/arm-none-eabi/10.3.1/thumb/v8-m.main+fp/hard\libgcc.a(_dvmd_tls.o)
 .ARM.attributes
                0x00000bfc       0x38 c:/siliconlabs/simplicitystudio/v5/developer/toolchains/gnu_arm/10.3_2021.10/bin/../lib/gcc/arm-none-eabi/10.3.1/../../../../arm-none-eabi/lib/thumb/v8-m.main+fp/hard\libc_nano.a(lib_a-exit.o)
 .ARM.attributes
                0x00000c34       0x38 c:/siliconlabs/simplicitystudio/v5/developer/toolchains/gnu_arm/10.3_2021.10/bin/../lib/gcc/arm-none-eabi/10.3.1/../../../../arm-none-eabi/lib/thumb/v8-m.main+fp/hard\libc_nano.a(lib_a-impure.o)
 .ARM.attributes
                0x00000c6c       0x38 c:/siliconlabs/simplicitystudio/v5/developer/toolchains/gnu_arm/10.3_2021.10/bin/../lib/gcc/arm-none-eabi/10.3.1/../../../../arm-none-eabi/lib/thumb/v8-m.main+fp/hard\libc_nano.a(lib_a-init.o)
 .ARM.attributes
                0x00000ca4       0x38 c:/siliconlabs/simplicitystudio/v5/developer/toolchains/gnu_arm/10.3_2021.10/bin/../lib/gcc/arm-none-eabi/10.3.1/../../../../arm-none-eabi/lib/thumb/v8-m.main+fp/hard\libc_nano.a(lib_a-memcpy-stub.o)
 .ARM.attributes
                0x00000cdc       0x38 c:/siliconlabs/simplicitystudio/v5/developer/toolchains/gnu_arm/10.3_2021.10/bin/../lib/gcc/arm-none-eabi/10.3.1/../../../../arm-none-eabi/lib/thumb/v8-m.main+fp/hard\libc_nano.a(lib_a-memset.o)
 .ARM.attributes
                0x00000d14       0x38 c:/siliconlabs/simplicitystudio/v5/developer/toolchains/gnu_arm/10.3_2021.10/bin/../lib/gcc/arm-none-eabi/10.3.1/../../../../arm-none-eabi/lib/thumb/v8-m.main+fp/hard\libc_nano.a(lib_a-sprintf.o)
 .ARM.attributes
                0x00000d4c       0x38 c:/siliconlabs/simplicitystudio/v5/developer/toolchains/gnu_arm/10.3_2021.10/bin/../lib/gcc/arm-none-eabi/10.3.1/../../../../arm-none-eabi/lib/thumb/v8-m.main+fp/hard\libc_nano.a(lib_a-strcpy.o)
 .ARM.attributes
                0x00000d84       0x17 c:/siliconlabs/simplicitystudio/v5/developer/toolchains/gnu_arm/10.3_2021.10/bin/../lib/gcc/arm-none-eabi/10.3.1/../../../../arm-none-eabi/lib/thumb/v8-m.main+fp/hard\libc_nano.a(lib_a-strlen.o)
 .ARM.attributes
                0x00000d9b       0x38 c:/siliconlabs/simplicitystudio/v5/developer/toolchains/gnu_arm/10.3_2021.10/bin/../lib/gcc/arm-none-eabi/10.3.1/../../../../arm-none-eabi/lib/thumb/v8-m.main+fp/hard\libc_nano.a(lib_a-nano-svfprintf.o)
 .ARM.attributes
                0x00000dd3       0x38 c:/siliconlabs/simplicitystudio/v5/developer/toolchains/gnu_arm/10.3_2021.10/bin/../lib/gcc/arm-none-eabi/10.3.1/../../../../arm-none-eabi/lib/thumb/v8-m.main+fp/hard\libc_nano.a(lib_a-nano-vfprintf_i.o)
 .ARM.attributes
                0x00000e0b       0x38 c:/siliconlabs/simplicitystudio/v5/developer/toolchains/gnu_arm/10.3_2021.10/bin/../lib/gcc/arm-none-eabi/10.3.1/../../../../arm-none-eabi/lib/thumb/v8-m.main+fp/hard\libc_nano.a(lib_a-memchr-stub.o)
 .ARM.attributes
                0x00000e43       0x38 c:/siliconlabs/simplicitystudio/v5/developer/toolchains/gnu_arm/10.3_2021.10/bin/../lib/gcc/arm-none-eabi/10.3.1/../../../../arm-none-eabi/lib/thumb/v8-m.main+fp/hard\libc_nano.a(lib_a-memmove.o)
 .ARM.attributes
                0x00000e7b       0x38 c:/siliconlabs/simplicitystudio/v5/developer/toolchains/gnu_arm/10.3_2021.10/bin/../lib/gcc/arm-none-eabi/10.3.1/../../../../arm-none-eabi/lib/thumb/v8-m.main+fp/hard\libc_nano.a(lib_a-nano-freer.o)
 .ARM.attributes
                0x00000eb3       0x38 c:/siliconlabs/simplicitystudio/v5/developer/toolchains/gnu_arm/10.3_2021.10/bin/../lib/gcc/arm-none-eabi/10.3.1/../../../../arm-none-eabi/lib/thumb/v8-m.main+fp/hard\libc_nano.a(lib_a-nano-mallocr.o)
 .ARM.attributes
                0x00000eeb       0x38 c:/siliconlabs/simplicitystudio/v5/developer/toolchains/gnu_arm/10.3_2021.10/bin/../lib/gcc/arm-none-eabi/10.3.1/../../../../arm-none-eabi/lib/thumb/v8-m.main+fp/hard\libc_nano.a(lib_a-nano-reallocr.o)
 .ARM.attributes
                0x00000f23       0x38 c:/siliconlabs/simplicitystudio/v5/developer/toolchains/gnu_arm/10.3_2021.10/bin/../lib/gcc/arm-none-eabi/10.3.1/../../../../arm-none-eabi/lib/thumb/v8-m.main+fp/hard\libc_nano.a(lib_a-sbrkr.o)
 .ARM.attributes
                0x00000f5b       0x38 c:/siliconlabs/simplicitystudio/v5/developer/toolchains/gnu_arm/10.3_2021.10/bin/../lib/gcc/arm-none-eabi/10.3.1/../../../../arm-none-eabi/lib/thumb/v8-m.main+fp/hard\libc_nano.a(lib_a-mlock.o)
 .ARM.attributes
                0x00000f93       0x38 c:/siliconlabs/simplicitystudio/v5/developer/toolchains/gnu_arm/10.3_2021.10/bin/../lib/gcc/arm-none-eabi/10.3.1/../../../../arm-none-eabi/lib/thumb/v8-m.main+fp/hard\libc_nano.a(lib_a-nano-msizer.o)
 .ARM.attributes
                0x00000fcb       0x38 c:/siliconlabs/simplicitystudio/v5/developer/toolchains/gnu_arm/10.3_2021.10/bin/../lib/gcc/arm-none-eabi/10.3.1/../../../../arm-none-eabi/lib/thumb/v8-m.main+fp/hard\libc_nano.a(lib_a-reent.o)
 .ARM.attributes
                0x00001003       0x38 c:/siliconlabs/simplicitystudio/v5/developer/toolchains/gnu_arm/10.3_2021.10/bin/../lib/gcc/arm-none-eabi/10.3.1/../../../../arm-none-eabi/lib/thumb/v8-m.main+fp/hard\libc_nano.a(lib_a-lock.o)
 .ARM.attributes
                0x0000103b       0x38 c:/siliconlabs/simplicitystudio/v5/developer/toolchains/gnu_arm/10.3_2021.10/bin/../lib/gcc/arm-none-eabi/10.3.1/../../../../arm-none-eabi/lib/thumb/v8-m.main+fp/hard\libnosys.a(_exit.o)
 .ARM.attributes
                0x00001073       0x22 c:/siliconlabs/simplicitystudio/v5/developer/toolchains/gnu_arm/10.3_2021.10/bin/../lib/gcc/arm-none-eabi/10.3.1/thumb/v8-m.main+fp/hard/crtn.o

.comment        0x00000000       0x49
 .comment       0x00000000       0x49 ./RFID_display.o
                                 0x4a (size before relaxing)
 .comment       0x00000049       0x4a ./app.o
 .comment       0x00000049       0x4a ./i2c_init.o
 .comment       0x00000049       0x4a ./main.o
 .comment       0x00000049       0x4a ./rc522.o
 .comment       0x00000049       0x4a ./rtc3231.o
 .comment       0x00000049       0x4a ./ssd1306.o
 .comment       0x00000049       0x4a ./autogen/sl_board_default_init.o
 .comment       0x00000049       0x4a ./autogen/sl_device_init_clocks.o
 .comment       0x00000049       0x4a ./autogen/sl_event_handler.o
 .comment       0x00000049       0x4a ./autogen/sl_i2cspm_init.o
 .comment       0x00000049       0x4a ./autogen/sl_simple_rgb_pwm_led_instances.o
 .comment       0x00000049       0x4a ./autogen/sl_uartdrv_init.o
 .comment       0x00000049       0x4a ./gecko_sdk_4.1.1/hardware/board/src/sl_board_control_gpio.o
 .comment       0x00000049       0x4a ./gecko_sdk_4.1.1/hardware/board/src/sl_board_init.o
 .comment       0x00000049       0x4a ./gecko_sdk_4.1.1/hardware/driver/configuration_over_swo/src/sl_cos.o
 .comment       0x00000049       0x4a ./gecko_sdk_4.1.1/platform/Device/SiliconLabs/EFR32MG21/Source/startup_efr32mg21.o
 .comment       0x00000049       0x4a ./gecko_sdk_4.1.1/platform/Device/SiliconLabs/EFR32MG21/Source/system_efr32mg21.o
 .comment       0x00000049       0x4a ./gecko_sdk_4.1.1/platform/common/src/sl_assert.o
 .comment       0x00000049       0x4a ./gecko_sdk_4.1.1/platform/common/toolchain/src/sl_memory.o
 .comment       0x00000049       0x4a ./gecko_sdk_4.1.1/platform/driver/debug/src/sl_debug_swo.o
 .comment       0x00000049       0x4a ./gecko_sdk_4.1.1/platform/driver/i2cspm/src/sl_i2cspm.o
 .comment       0x00000049       0x4a ./gecko_sdk_4.1.1/platform/driver/leddrv/src/sl_led.o
 .comment       0x00000049       0x4a ./gecko_sdk_4.1.1/platform/driver/leddrv/src/sl_pwm_led.o
 .comment       0x00000049       0x4a ./gecko_sdk_4.1.1/platform/driver/leddrv/src/sl_simple_rgb_pwm_led.o